Archive member included to satisfy reference by file (symbol)

c:/st/stm32cubeide_1.11.2/stm32cubeide/plugins/com.st.stm32cube.ide.mcu.externaltools.gnu-tools-for-stm32.10.3-2021.10.win32_1.0.200.202301161003/tools/bin/../lib/gcc/arm-none-eabi/10.3.1/../../../../arm-none-eabi/lib/thumb/v7e-m+fp/hard\libc_nano.a(lib_a-errno.o)
                              ./Core/Src/syscalls.o (__errno)
c:/st/stm32cubeide_1.11.2/stm32cubeide/plugins/com.st.stm32cube.ide.mcu.externaltools.gnu-tools-for-stm32.10.3-2021.10.win32_1.0.200.202301161003/tools/bin/../lib/gcc/arm-none-eabi/10.3.1/../../../../arm-none-eabi/lib/thumb/v7e-m+fp/hard\libc_nano.a(lib_a-exit.o)
                              c:/st/stm32cubeide_1.11.2/stm32cubeide/plugins/com.st.stm32cube.ide.mcu.externaltools.gnu-tools-for-stm32.10.3-2021.10.win32_1.0.200.202301161003/tools/bin/../lib/gcc/arm-none-eabi/10.3.1/../../../../arm-none-eabi/lib/thumb/v7e-m+fp/hard/crt0.o (exit)
c:/st/stm32cubeide_1.11.2/stm32cubeide/plugins/com.st.stm32cube.ide.mcu.externaltools.gnu-tools-for-stm32.10.3-2021.10.win32_1.0.200.202301161003/tools/bin/../lib/gcc/arm-none-eabi/10.3.1/../../../../arm-none-eabi/lib/thumb/v7e-m+fp/hard\libc_nano.a(lib_a-impure.o)
                              c:/st/stm32cubeide_1.11.2/stm32cubeide/plugins/com.st.stm32cube.ide.mcu.externaltools.gnu-tools-for-stm32.10.3-2021.10.win32_1.0.200.202301161003/tools/bin/../lib/gcc/arm-none-eabi/10.3.1/../../../../arm-none-eabi/lib/thumb/v7e-m+fp/hard\libc_nano.a(lib_a-exit.o) (_global_impure_ptr)
c:/st/stm32cubeide_1.11.2/stm32cubeide/plugins/com.st.stm32cube.ide.mcu.externaltools.gnu-tools-for-stm32.10.3-2021.10.win32_1.0.200.202301161003/tools/bin/../lib/gcc/arm-none-eabi/10.3.1/../../../../arm-none-eabi/lib/thumb/v7e-m+fp/hard\libc_nano.a(lib_a-init.o)
                              c:/st/stm32cubeide_1.11.2/stm32cubeide/plugins/com.st.stm32cube.ide.mcu.externaltools.gnu-tools-for-stm32.10.3-2021.10.win32_1.0.200.202301161003/tools/bin/../lib/gcc/arm-none-eabi/10.3.1/../../../../arm-none-eabi/lib/thumb/v7e-m+fp/hard/crt0.o (__libc_init_array)
c:/st/stm32cubeide_1.11.2/stm32cubeide/plugins/com.st.stm32cube.ide.mcu.externaltools.gnu-tools-for-stm32.10.3-2021.10.win32_1.0.200.202301161003/tools/bin/../lib/gcc/arm-none-eabi/10.3.1/../../../../arm-none-eabi/lib/thumb/v7e-m+fp/hard\libc_nano.a(lib_a-memcpy-stub.o)
                              ./Core/Src/main.o (memcpy)
c:/st/stm32cubeide_1.11.2/stm32cubeide/plugins/com.st.stm32cube.ide.mcu.externaltools.gnu-tools-for-stm32.10.3-2021.10.win32_1.0.200.202301161003/tools/bin/../lib/gcc/arm-none-eabi/10.3.1/../../../../arm-none-eabi/lib/thumb/v7e-m+fp/hard\libc_nano.a(lib_a-memset.o)
                              c:/st/stm32cubeide_1.11.2/stm32cubeide/plugins/com.st.stm32cube.ide.mcu.externaltools.gnu-tools-for-stm32.10.3-2021.10.win32_1.0.200.202301161003/tools/bin/../lib/gcc/arm-none-eabi/10.3.1/../../../../arm-none-eabi/lib/thumb/v7e-m+fp/hard/crt0.o (memset)
c:/st/stm32cubeide_1.11.2/stm32cubeide/plugins/com.st.stm32cube.ide.mcu.externaltools.gnu-tools-for-stm32.10.3-2021.10.win32_1.0.200.202301161003/tools/bin/../lib/gcc/arm-none-eabi/10.3.1/thumb/v7e-m+fp/hard\libgcc.a(_aeabi_uldivmod.o)
                              ./Drivers/STM32F7xx_HAL_Driver/Src/stm32f7xx_hal_rcc.o (__aeabi_uldivmod)
c:/st/stm32cubeide_1.11.2/stm32cubeide/plugins/com.st.stm32cube.ide.mcu.externaltools.gnu-tools-for-stm32.10.3-2021.10.win32_1.0.200.202301161003/tools/bin/../lib/gcc/arm-none-eabi/10.3.1/thumb/v7e-m+fp/hard\libgcc.a(_udivmoddi4.o)
                              c:/st/stm32cubeide_1.11.2/stm32cubeide/plugins/com.st.stm32cube.ide.mcu.externaltools.gnu-tools-for-stm32.10.3-2021.10.win32_1.0.200.202301161003/tools/bin/../lib/gcc/arm-none-eabi/10.3.1/thumb/v7e-m+fp/hard\libgcc.a(_aeabi_uldivmod.o) (__udivmoddi4)
c:/st/stm32cubeide_1.11.2/stm32cubeide/plugins/com.st.stm32cube.ide.mcu.externaltools.gnu-tools-for-stm32.10.3-2021.10.win32_1.0.200.202301161003/tools/bin/../lib/gcc/arm-none-eabi/10.3.1/thumb/v7e-m+fp/hard\libgcc.a(_dvmd_tls.o)
                              c:/st/stm32cubeide_1.11.2/stm32cubeide/plugins/com.st.stm32cube.ide.mcu.externaltools.gnu-tools-for-stm32.10.3-2021.10.win32_1.0.200.202301161003/tools/bin/../lib/gcc/arm-none-eabi/10.3.1/thumb/v7e-m+fp/hard\libgcc.a(_aeabi_uldivmod.o) (__aeabi_ldiv0)

Discarded input sections

 .text          0x0000000000000000        0x0 c:/st/stm32cubeide_1.11.2/stm32cubeide/plugins/com.st.stm32cube.ide.mcu.externaltools.gnu-tools-for-stm32.10.3-2021.10.win32_1.0.200.202301161003/tools/bin/../lib/gcc/arm-none-eabi/10.3.1/thumb/v7e-m+fp/hard/crti.o
 .data          0x0000000000000000        0x0 c:/st/stm32cubeide_1.11.2/stm32cubeide/plugins/com.st.stm32cube.ide.mcu.externaltools.gnu-tools-for-stm32.10.3-2021.10.win32_1.0.200.202301161003/tools/bin/../lib/gcc/arm-none-eabi/10.3.1/thumb/v7e-m+fp/hard/crti.o
[...]
Memory Configuration

Name             Origin             Length             Attributes
RAM              0x0000000020000000 0x0000000000050000 xrw
FLASH            0x0000000008000000 0x0000000000100000 xr
*default*        0x0000000000000000 0xffffffffffffffff

Linker script and memory map

LOAD c:/st/stm32cubeide_1.11.2/stm32cubeide/plugins/com.st.stm32cube.ide.mcu.externaltools.gnu-tools-for-stm32.10.3-2021.10.win32_1.0.200.202301161003/tools/bin/../lib/gcc/arm-none-eabi/10.3.1/thumb/v7e-m+fp/hard/crti.o
LOAD c:/st/stm32cubeide_1.11.2/stm32cubeide/plugins/com.st.stm32cube.ide.mcu.externaltools.gnu-tools-for-stm32.10.3-2021.10.win32_1.0.200.202301161003/tools/bin/../lib/gcc/arm-none-eabi/10.3.1/thumb/v7e-m+fp/hard/crtbegin.o
LOAD c:/st/stm32cubeide_1.11.2/stm32cubeide/plugins/com.st.stm32cube.ide.mcu.externaltools.gnu-tools-for-stm32.10.3-2021.10.win32_1.0.200.202301161003/tools/bin/../lib/gcc/arm-none-eabi/10.3.1/../../../../arm-none-eabi/lib/thumb/v7e-m+fp/hard/crt0.o
LOAD ./Core/Src/freertos.o
LOAD ./Core/Src/ft5336.o
LOAD ./Core/Src/main.o
LOAD ./Core/Src/stm32746g_discovery.o
LOAD ./Core/Src/stm32746g_discovery_audio.o
LOAD ./Core/Src/stm32746g_discovery_lcd.o
LOAD ./Core/Src/stm32746g_discovery_sdram.o
LOAD ./Core/Src/stm32746g_discovery_ts.o
LOAD ./Core/Src/stm32f7xx_hal_msp.o
LOAD ./Core/Src/stm32f7xx_hal_timebase_tim.o
LOAD ./Core/Src/stm32f7xx_it.o
LOAD ./Core/Src/syscalls.o
LOAD ./Core/Src/sysmem.o
LOAD ./Core/Src/system_stm32f7xx.o
LOAD ./Core/Src/wm8994.o
LOAD ./Core/Startup/startup_stm32f746nghx.o
LOAD ./Drivers/STM32F7xx_HAL_Driver/Src/stm32f7xx_hal.o
LOAD ./Drivers/STM32F7xx_HAL_Driver/Src/stm32f7xx_hal_cortex.o
LOAD ./Drivers/STM32F7xx_HAL_Driver/Src/stm32f7xx_hal_dma.o
LOAD ./Drivers/STM32F7xx_HAL_Driver/Src/stm32f7xx_hal_dma2d.o
LOAD ./Drivers/STM32F7xx_HAL_Driver/Src/stm32f7xx_hal_dma_ex.o
LOAD ./Drivers/STM32F7xx_HAL_Driver/Src/stm32f7xx_hal_dsi.o
LOAD ./Drivers/STM32F7xx_HAL_Driver/Src/stm32f7xx_hal_exti.o
LOAD ./Drivers/STM32F7xx_HAL_Driver/Src/stm32f7xx_hal_flash.o
LOAD ./Drivers/STM32F7xx_HAL_Driver/Src/stm32f7xx_hal_flash_ex.o
LOAD ./Drivers/STM32F7xx_HAL_Driver/Src/stm32f7xx_hal_gpio.o
LOAD ./Drivers/STM32F7xx_HAL_Driver/Src/stm32f7xx_hal_i2c.o
LOAD ./Drivers/STM32F7xx_HAL_Driver/Src/stm32f7xx_hal_i2c_ex.o
LOAD ./Drivers/STM32F7xx_HAL_Driver/Src/stm32f7xx_hal_ltdc.o
LOAD ./Drivers/STM32F7xx_HAL_Driver/Src/stm32f7xx_hal_ltdc_ex.o
LOAD ./Drivers/STM32F7xx_HAL_Driver/Src/stm32f7xx_hal_pwr.o
LOAD ./Drivers/STM32F7xx_HAL_Driver/Src/stm32f7xx_hal_pwr_ex.o
LOAD ./Drivers/STM32F7xx_HAL_Driver/Src/stm32f7xx_hal_rcc.o
LOAD ./Drivers/STM32F7xx_HAL_Driver/Src/stm32f7xx_hal_rcc_ex.o
LOAD ./Drivers/STM32F7xx_HAL_Driver/Src/stm32f7xx_hal_sai.o
LOAD ./Drivers/STM32F7xx_HAL_Driver/Src/stm32f7xx_hal_sai_ex.o
LOAD ./Drivers/STM32F7xx_HAL_Driver/Src/stm32f7xx_hal_sd.o
LOAD ./Drivers/STM32F7xx_HAL_Driver/Src/stm32f7xx_hal_sdram.o
LOAD ./Drivers/STM32F7xx_HAL_Driver/Src/stm32f7xx_hal_tim.o
LOAD ./Drivers/STM32F7xx_HAL_Driver/Src/stm32f7xx_hal_tim_ex.o
LOAD ./Drivers/STM32F7xx_HAL_Driver/Src/stm32f7xx_hal_uart.o
LOAD ./Drivers/STM32F7xx_HAL_Driver/Src/stm32f7xx_hal_uart_ex.o
LOAD ./Drivers/STM32F7xx_HAL_Driver/Src/stm32f7xx_ll_fmc.o
LOAD ./Drivers/STM32F7xx_HAL_Driver/Src/stm32f7xx_ll_sdmmc.o
LOAD ./FATFS/App/fatfs.o
LOAD ./FATFS/Target/bsp_driver_sd.o
LOAD ./FATFS/Target/fatfs_platform.o
LOAD ./FATFS/Target/sd_diskio.o
LOAD ./Middlewares/Third_Party/FatFs/src/diskio.o
LOAD ./Middlewares/Third_Party/FatFs/src/ff.o
LOAD ./Middlewares/Third_Party/FatFs/src/ff_gen_drv.o
LOAD ./Middlewares/Third_Party/FatFs/src/option/syscall.o
LOAD ./Middlewares/Third_Party/FreeRTOS/Source/CMSIS_RTOS/cmsis_os.o
LOAD ./Middlewares/Third_Party/FreeRTOS/Source/croutine.o
LOAD ./Middlewares/Third_Party/FreeRTOS/Source/event_groups.o
LOAD ./Middlewares/Third_Party/FreeRTOS/Source/list.o
LOAD ./Middlewares/Third_Party/FreeRTOS/Source/queue.o
LOAD ./Middlewares/Third_Party/FreeRTOS/Source/stream_buffer.o
LOAD ./Middlewares/Third_Party/FreeRTOS/Source/tasks.o
LOAD ./Middlewares/Third_Party/FreeRTOS/Source/timers.o
LOAD ./Middlewares/Third_Party/FreeRTOS/Source/portable/GCC/ARM_CM7/r0p1/port.o
LOAD ./Middlewares/Third_Party/FreeRTOS/Source/portable/MemMang/heap_4.o
START GROUP
LOAD c:/st/stm32cubeide_1.11.2/stm32cubeide/plugins/com.st.stm32cube.ide.mcu.externaltools.gnu-tools-for-stm32.10.3-2021.10.win32_1.0.200.202301161003/tools/bin/../lib/gcc/arm-none-eabi/10.3.1/../../../../arm-none-eabi/lib/thumb/v7e-m+fp/hard\libc_nano.a
LOAD c:/st/stm32cubeide_1.11.2/stm32cubeide/plugins/com.st.stm32cube.ide.mcu.externaltools.gnu-tools-for-stm32.10.3-2021.10.win32_1.0.200.202301161003/tools/bin/../lib/gcc/arm-none-eabi/10.3.1/../../../../arm-none-eabi/lib/thumb/v7e-m+fp/hard\libm.a
END GROUP
START GROUP
LOAD c:/st/stm32cubeide_1.11.2/stm32cubeide/plugins/com.st.stm32cube.ide.mcu.externaltools.gnu-tools-for-stm32.10.3-2021.10.win32_1.0.200.202301161003/tools/bin/../lib/gcc/arm-none-eabi/10.3.1/thumb/v7e-m+fp/hard\libgcc.a
LOAD c:/st/stm32cubeide_1.11.2/stm32cubeide/plugins/com.st.stm32cube.ide.mcu.externaltools.gnu-tools-for-stm32.10.3-2021.10.win32_1.0.200.202301161003/tools/bin/../lib/gcc/arm-none-eabi/10.3.1/../../../../arm-none-eabi/lib/thumb/v7e-m+fp/hard\libc_nano.a
END GROUP
START GROUP
LOAD c:/st/stm32cubeide_1.11.2/stm32cubeide/plugins/com.st.stm32cube.ide.mcu.externaltools.gnu-tools-for-stm32.10.3-2021.10.win32_1.0.200.202301161003/tools/bin/../lib/gcc/arm-none-eabi/10.3.1/thumb/v7e-m+fp/hard\libgcc.a
LOAD c:/st/stm32cubeide_1.11.2/stm32cubeide/plugins/com.st.stm32cube.ide.mcu.externaltools.gnu-tools-for-stm32.10.3-2021.10.win32_1.0.200.202301161003/tools/bin/../lib/gcc/arm-none-eabi/10.3.1/../../../../arm-none-eabi/lib/thumb/v7e-m+fp/hard\libc_nano.a
LOAD c:/st/stm32cubeide_1.11.2/stm32cubeide/plugins/com.st.stm32cube.ide.mcu.externaltools.gnu-tools-for-stm32.10.3-2021.10.win32_1.0.200.202301161003/tools/bin/../lib/gcc/arm-none-eabi/10.3.1/../../../../arm-none-eabi/lib/thumb/v7e-m+fp/hard\libnosys.a
END GROUP
START GROUP
LOAD c:/st/stm32cubeide_1.11.2/stm32cubeide/plugins/com.st.stm32cube.ide.mcu.externaltools.gnu-tools-for-stm32.10.3-2021.10.win32_1.0.200.202301161003/tools/bin/../lib/gcc/arm-none-eabi/10.3.1/thumb/v7e-m+fp/hard\libgcc.a
LOAD c:/st/stm32cubeide_1.11.2/stm32cubeide/plugins/com.st.stm32cube.ide.mcu.externaltools.gnu-tools-for-stm32.10.3-2021.10.win32_1.0.200.202301161003/tools/bin/../lib/gcc/arm-none-eabi/10.3.1/../../../../arm-none-eabi/lib/thumb/v7e-m+fp/hard\libc_nano.a
LOAD c:/st/stm32cubeide_1.11.2/stm32cubeide/plugins/com.st.stm32cube.ide.mcu.externaltools.gnu-tools-for-stm32.10.3-2021.10.win32_1.0.200.202301161003/tools/bin/../lib/gcc/arm-none-eabi/10.3.1/../../../../arm-none-eabi/lib/thumb/v7e-m+fp/hard\libnosys.a
END GROUP
LOAD c:/st/stm32cubeide_1.11.2/stm32cubeide/plugins/com.st.stm32cube.ide.mcu.externaltools.gnu-tools-for-stm32.10.3-2021.10.win32_1.0.200.202301161003/tools/bin/../lib/gcc/arm-none-eabi/10.3.1/thumb/v7e-m+fp/hard/crtend.o
LOAD c:/st/stm32cubeide_1.11.2/stm32cubeide/plugins/com.st.stm32cube.ide.mcu.externaltools.gnu-tools-for-stm32.10.3-2021.10.win32_1.0.200.202301161003/tools/bin/../lib/gcc/arm-none-eabi/10.3.1/thumb/v7e-m+fp/hard/crtn.o
                0x0000000020050000                _estack = (ORIGIN (RAM) + LENGTH (RAM))
                0x0000000000000400                _Min_Heap_Size = 0x400
                0x0000000000000800                _Min_Stack_Size = 0x800

.isr_vector     0x0000000008000000      0x1c8
                0x0000000008000000                . = ALIGN (0x4)
 *(.isr_vector)
 .isr_vector    0x0000000008000000      0x1c8 ./Core/Startup/startup_stm32f746nghx.o
                0x0000000008000000                g_pfnVectors
                0x00000000080001c8                . = ALIGN (0x4)

.text           0x00000000080001d0    0x13954
                0x00000000080001d0                . = ALIGN (0x4)
 *(.text)
 .text          0x00000000080001d0       0x40 c:/st/stm32cubeide_1.11.2/stm32cubeide/plugins/com.st.stm32cube.ide.mcu.externaltools.gnu-tools-for-stm32.10.3-2021.10.win32_1.0.200.202301161003/tools/bin/../lib/gcc/arm-none-eabi/10.3.1/thumb/v7e-m+fp/hard/crtbegin.o
 .text          0x0000000008000210       0x30 c:/st/stm32cubeide_1.11.2/stm32cubeide/plugins/com.st.stm32cube.ide.mcu.externaltools.gnu-tools-for-stm32.10.3-2021.10.win32_1.0.200.202301161003/tools/bin/../lib/gcc/arm-none-eabi/10.3.1/thumb/v7e-m+fp/hard\libgcc.a(_aeabi_uldivmod.o)
                0x0000000008000210                __aeabi_uldivmod
 .text          0x0000000008000240      0x2d0 c:/st/stm32cubeide_1.11.2/stm32cubeide/plugins/com.st.stm32cube.ide.mcu.externaltools.gnu-tools-for-stm32.10.3-2021.10.win32_1.0.200.202301161003/tools/bin/../lib/gcc/arm-none-eabi/10.3.1/thumb/v7e-m+fp/hard\libgcc.a(_udivmoddi4.o)
                0x0000000008000240                __udivmoddi4
 .text          0x0000000008000510        0x4 c:/st/stm32cubeide_1.11.2/stm32cubeide/plugins/com.st.stm32cube.ide.mcu.externaltools.gnu-tools-for-stm32.10.3-2021.10.win32_1.0.200.202301161003/tools/bin/../lib/gcc/arm-none-eabi/10.3.1/thumb/v7e-m+fp/hard\libgcc.a(_dvmd_tls.o)
                0x0000000008000510                __aeabi_idiv0
                0x0000000008000510                __aeabi_ldiv0
 *(.text*)
 .text.vApplicationIdleHook
                0x0000000008000514        0xe ./Core/Src/freertos.o
                0x0000000008000514                vApplicationIdleHook
 .text.vApplicationStackOverflowHook
                0x0000000008000522       0x16 ./Core/Src/freertos.o
                0x0000000008000522                vApplicationStackOverflowHook
 .text.vApplicationMallocFailedHook
                0x0000000008000538        0xe ./Core/Src/freertos.o
                0x0000000008000538                vApplicationMallocFailedHook
 *fill*         0x0000000008000546        0x2 
 .text.vApplicationGetIdleTaskMemory
                0x0000000008000548       0x34 ./Core/Src/freertos.o
                0x0000000008000548                vApplicationGetIdleTaskMemory
 .text.ft5336_Init
                0x000000000800057c       0x1c ./Core/Src/ft5336.o
                0x000000000800057c                ft5336_Init
 .text.ft5336_Reset
                0x0000000008000598       0x16 ./Core/Src/ft5336.o
                0x0000000008000598                ft5336_Reset
 .text.ft5336_ReadID
                0x00000000080005ae       0x5c ./Core/Src/ft5336.o
                0x00000000080005ae                ft5336_ReadID
 .text.ft5336_TS_Start
                0x000000000800060a       0x22 ./Core/Src/ft5336.o
                0x000000000800060a                ft5336_TS_Start
 .text.ft5336_TS_DetectTouch
                0x000000000800062c       0x54 ./Core/Src/ft5336.o
                0x000000000800062c                ft5336_TS_DetectTouch
 .text.ft5336_TS_GetXY
                0x0000000008000680      0x1e0 ./Core/Src/ft5336.o
                0x0000000008000680                ft5336_TS_GetXY
 .text.ft5336_TS_EnableIT
                0x0000000008000860       0x28 ./Core/Src/ft5336.o
                0x0000000008000860                ft5336_TS_EnableIT
 .text.ft5336_TS_DisableIT
                0x0000000008000888       0x28 ./Core/Src/ft5336.o
                0x0000000008000888                ft5336_TS_DisableIT
 .text.ft5336_TS_ITStatus
                0x00000000080008b0       0x18 ./Core/Src/ft5336.o
                0x00000000080008b0                ft5336_TS_ITStatus
 .text.ft5336_TS_ClearIT
                0x00000000080008c8       0x16 ./Core/Src/ft5336.o
                0x00000000080008c8                ft5336_TS_ClearIT
 .text.ft5336_TS_GetGestureID
                0x00000000080008de       0x32 ./Core/Src/ft5336.o
                0x00000000080008de                ft5336_TS_GetGestureID
 .text.ft5336_TS_GetTouchInfo
                0x0000000008000910      0x15c ./Core/Src/ft5336.o
                0x0000000008000910                ft5336_TS_GetTouchInfo
 .text.ft5336_Get_I2C_InitializedStatus
                0x0000000008000a6c       0x18 ./Core/Src/ft5336.o
 .text.ft5336_I2C_InitializeIfRequired
                0x0000000008000a84       0x20 ./Core/Src/ft5336.o
 .text.ft5336_TS_Configure
                0x0000000008000aa4       0x1c ./Core/Src/ft5336.o
 .text.SCB_EnableICache
                0x0000000008000ac0       0x4c ./Core/Src/main.o
 .text.SCB_EnableDCache
                0x0000000008000b0c       0x88 ./Core/Src/main.o
 .text.InCircle
                0x0000000008000b94       0x66 ./Core/Src/main.o
                0x0000000008000b94                InCircle
 *fill*         0x0000000008000bfa        0x2 
 .text.Addition
                0x0000000008000bfc       0xc0 ./Core/Src/main.o
                0x0000000008000bfc                Addition
 .text.DrawPlayButton
                0x0000000008000cbc       0x8c ./Core/Src/main.o
                0x0000000008000cbc                DrawPlayButton
 .text.DrawONButton
                0x0000000008000d48       0x9c ./Core/Src/main.o
                0x0000000008000d48                DrawONButton
 .text.DrawOFFutton
                0x0000000008000de4       0xbc ./Core/Src/main.o
                0x0000000008000de4                DrawOFFutton
 .text.SD_Init  0x0000000008000ea0       0x40 ./Core/Src/main.o
                0x0000000008000ea0                SD_Init
 .text.Audio_Init
                0x0000000008000ee0       0x94 ./Core/Src/main.o
                0x0000000008000ee0                Audio_Init
 .text.LCD_Init
                0x0000000008000f74       0xd8 ./Core/Src/main.o
                0x0000000008000f74                LCD_Init
 .text.main     0x000000000800104c       0xf8 ./Core/Src/main.o
                0x000000000800104c                main
 .text.SystemClock_Config
                0x0000000008001144       0xe0 ./Core/Src/main.o
                0x0000000008001144                SystemClock_Config
 .text.PeriphCommonClock_Config
                0x0000000008001224       0x64 ./Core/Src/main.o
                0x0000000008001224                PeriphCommonClock_Config
 .text.MX_DMA2D_Init
                0x0000000008001288       0x64 ./Core/Src/main.o
 .text.MX_LTDC_Init
                0x00000000080012ec      0x104 ./Core/Src/main.o
 .text.MX_SAI2_Init
                0x00000000080013f0      0x150 ./Core/Src/main.o
 .text.MX_SDMMC1_SD_Init
                0x0000000008001540       0x40 ./Core/Src/main.o
 .text.MX_USART1_UART_Init
                0x0000000008001580       0x60 ./Core/Src/main.o
 .text.MX_DMA_Init
                0x00000000080015e0       0x6c ./Core/Src/main.o
 .text.MX_FMC_Init
                0x000000000800164c      0x110 ./Core/Src/main.o
 .text.MX_GPIO_Init
                0x000000000800175c      0x6a0 ./Core/Src/main.o
 .text.StartDefaultTask
                0x0000000008001dfc      0x470 ./Core/Src/main.o
                0x0000000008001dfc                StartDefaultTask
 .text.StartSD  0x000000000800226c       0x30 ./Core/Src/main.o
                0x000000000800226c                StartSD
 .text.StartRecord
                0x000000000800229c       0xec ./Core/Src/main.o
                0x000000000800229c                StartRecord
 .text.HAL_TIM_PeriodElapsedCallback
                0x0000000008002388       0x24 ./Core/Src/main.o
                0x0000000008002388                HAL_TIM_PeriodElapsedCallback
 .text.Error_Handler
                0x00000000080023ac        0xa ./Core/Src/main.o
                0x00000000080023ac                Error_Handler
 *fill*         0x00000000080023b6        0x2 
 .text.I2Cx_MspInit
                0x00000000080023b8      0x160 ./Core/Src/stm32746g_discovery.o
 .text.I2Cx_Init
                0x0000000008002518       0x78 ./Core/Src/stm32746g_discovery.o
 .text.I2Cx_ReadMultiple
                0x0000000008002590       0x5a ./Core/Src/stm32746g_discovery.o
 .text.I2Cx_WriteMultiple
                0x00000000080025ea       0x5a ./Core/Src/stm32746g_discovery.o
 .text.I2Cx_Error
                0x0000000008002644       0x20 ./Core/Src/stm32746g_discovery.o
 .text.AUDIO_IO_Init
                0x0000000008002664       0x14 ./Core/Src/stm32746g_discovery.o
                0x0000000008002664                AUDIO_IO_Init
 .text.AUDIO_IO_DeInit
                0x0000000008002678        0xe ./Core/Src/stm32746g_discovery.o
                0x0000000008002678                AUDIO_IO_DeInit
 *fill*         0x0000000008002686        0x2 
 .text.AUDIO_IO_Write
                0x0000000008002688       0x54 ./Core/Src/stm32746g_discovery.o
                0x0000000008002688                AUDIO_IO_Write
 .text.AUDIO_IO_Read
                0x00000000080026dc       0x58 ./Core/Src/stm32746g_discovery.o
                0x00000000080026dc                AUDIO_IO_Read
 .text.AUDIO_IO_Delay
                0x0000000008002734       0x16 ./Core/Src/stm32746g_discovery.o
                0x0000000008002734                AUDIO_IO_Delay
 *fill*         0x000000000800274a        0x2 
 .text.TS_IO_Init
                0x000000000800274c       0x14 ./Core/Src/stm32746g_discovery.o
                0x000000000800274c                TS_IO_Init
 .text.TS_IO_Write
                0x0000000008002760       0x34 ./Core/Src/stm32746g_discovery.o
                0x0000000008002760                TS_IO_Write
 .text.TS_IO_Read
                0x0000000008002794       0x3c ./Core/Src/stm32746g_discovery.o
                0x0000000008002794                TS_IO_Read
 .text.TS_IO_Delay
                0x00000000080027d0       0x16 ./Core/Src/stm32746g_discovery.o
                0x00000000080027d0                TS_IO_Delay
 *fill*         0x00000000080027e6        0x2 
 .text.BSP_AUDIO_OUT_Play
                0x00000000080027e8       0x54 ./Core/Src/stm32746g_discovery_audio.o
                0x00000000080027e8                BSP_AUDIO_OUT_Play
 .text.BSP_AUDIO_OUT_SetVolume
                0x000000000800283c       0x30 ./Core/Src/stm32746g_discovery_audio.o
                0x000000000800283c                BSP_AUDIO_OUT_SetVolume
 .text.BSP_AUDIO_OUT_SetAudioFrameSlot
                0x000000000800286c       0x40 ./Core/Src/stm32746g_discovery_audio.o
                0x000000000800286c                BSP_AUDIO_OUT_SetAudioFrameSlot
 .text.HAL_SAI_TxCpltCallback
                0x00000000080028ac       0x14 ./Core/Src/stm32746g_discovery_audio.o
                0x00000000080028ac                HAL_SAI_TxCpltCallback
 .text.HAL_SAI_TxHalfCpltCallback
                0x00000000080028c0       0x14 ./Core/Src/stm32746g_discovery_audio.o
                0x00000000080028c0                HAL_SAI_TxHalfCpltCallback
 .text.HAL_SAI_ErrorCallback
                0x00000000080028d4       0x4c ./Core/Src/stm32746g_discovery_audio.o
                0x00000000080028d4                HAL_SAI_ErrorCallback
 .text.BSP_AUDIO_OUT_TransferComplete_CallBack
                0x0000000008002920        0xe ./Core/Src/stm32746g_discovery_audio.o
                0x0000000008002920                BSP_AUDIO_OUT_TransferComplete_CallBack
 .text.BSP_AUDIO_OUT_HalfTransfer_CallBack
                0x000000000800292e        0xe ./Core/Src/stm32746g_discovery_audio.o
                0x000000000800292e                BSP_AUDIO_OUT_HalfTransfer_CallBack
 .text.BSP_AUDIO_OUT_Error_CallBack
                0x000000000800293c        0xe ./Core/Src/stm32746g_discovery_audio.o
                0x000000000800293c                BSP_AUDIO_OUT_Error_CallBack
 *fill*         0x000000000800294a        0x2 
 .text.BSP_AUDIO_OUT_MspInit
                0x000000000800294c      0x1ac ./Core/Src/stm32746g_discovery_audio.o
                0x000000000800294c                BSP_AUDIO_OUT_MspInit
 .text.BSP_AUDIO_OUT_ClockConfig
                0x0000000008002af8       0x88 ./Core/Src/stm32746g_discovery_audio.o
                0x0000000008002af8                BSP_AUDIO_OUT_ClockConfig
 .text.SAIx_Out_DeInit
                0x0000000008002b80       0x2c ./Core/Src/stm32746g_discovery_audio.o
 .text.BSP_AUDIO_IN_OUT_Init
                0x0000000008002bac       0xfc ./Core/Src/stm32746g_discovery_audio.o
                0x0000000008002bac                BSP_AUDIO_IN_OUT_Init
 .text.BSP_AUDIO_IN_Error_CallBack
                0x0000000008002ca8        0xe ./Core/Src/stm32746g_discovery_audio.o
                0x0000000008002ca8                BSP_AUDIO_IN_Error_CallBack
 *fill*         0x0000000008002cb6        0x2 
 .text.BSP_AUDIO_IN_MspInit
                0x0000000008002cb8      0x164 ./Core/Src/stm32746g_discovery_audio.o
                0x0000000008002cb8                BSP_AUDIO_IN_MspInit
 .text.SAIx_In_Init
                0x0000000008002e1c      0x16c ./Core/Src/stm32746g_discovery_audio.o
 .text.SAIx_In_DeInit
                0x0000000008002f88       0x2c ./Core/Src/stm32746g_discovery_audio.o
 .text.BSP_LCD_Init
                0x0000000008002fb4       0xe0 ./Core/Src/stm32746g_discovery_lcd.o
                0x0000000008002fb4                BSP_LCD_Init
 .text.BSP_LCD_GetXSize
                0x0000000008003094       0x28 ./Core/Src/stm32746g_discovery_lcd.o
                0x0000000008003094                BSP_LCD_GetXSize
 .text.BSP_LCD_GetYSize
                0x00000000080030bc       0x28 ./Core/Src/stm32746g_discovery_lcd.o
                0x00000000080030bc                BSP_LCD_GetYSize
 .text.BSP_LCD_LayerDefaultInit
                0x00000000080030e4       0xc0 ./Core/Src/stm32746g_discovery_lcd.o
                0x00000000080030e4                BSP_LCD_LayerDefaultInit
 .text.BSP_LCD_SelectLayer
                0x00000000080031a4       0x20 ./Core/Src/stm32746g_discovery_lcd.o
                0x00000000080031a4                BSP_LCD_SelectLayer
 .text.BSP_LCD_SetTextColor
                0x00000000080031c4       0x30 ./Core/Src/stm32746g_discovery_lcd.o
                0x00000000080031c4                BSP_LCD_SetTextColor
 .text.BSP_LCD_SetBackColor
                0x00000000080031f4       0x34 ./Core/Src/stm32746g_discovery_lcd.o
                0x00000000080031f4                BSP_LCD_SetBackColor
 .text.BSP_LCD_SetFont
                0x0000000008003228       0x34 ./Core/Src/stm32746g_discovery_lcd.o
                0x0000000008003228                BSP_LCD_SetFont
 .text.BSP_LCD_Clear
                0x000000000800325c       0x50 ./Core/Src/stm32746g_discovery_lcd.o
                0x000000000800325c                BSP_LCD_Clear
 .text.BSP_LCD_DisplayChar
                0x00000000080032ac       0x88 ./Core/Src/stm32746g_discovery_lcd.o
                0x00000000080032ac                BSP_LCD_DisplayChar
 .text.BSP_LCD_DisplayStringAt
                0x0000000008003334      0x190 ./Core/Src/stm32746g_discovery_lcd.o
                0x0000000008003334                BSP_LCD_DisplayStringAt
 .text.BSP_LCD_DrawHLine
                0x00000000080034c4       0xbc ./Core/Src/stm32746g_discovery_lcd.o
                0x00000000080034c4                BSP_LCD_DrawHLine
 .text.BSP_LCD_DrawCircle
                0x0000000008003580      0x1d4 ./Core/Src/stm32746g_discovery_lcd.o
                0x0000000008003580                BSP_LCD_DrawCircle
 .text.BSP_LCD_DrawPixel
                0x0000000008003754       0x90 ./Core/Src/stm32746g_discovery_lcd.o
                0x0000000008003754                BSP_LCD_DrawPixel
 .text.BSP_LCD_FillCircle
                0x00000000080037e4      0x140 ./Core/Src/stm32746g_discovery_lcd.o
                0x00000000080037e4                BSP_LCD_FillCircle
 .text.BSP_LCD_DisplayOn
                0x0000000008003924       0x3c ./Core/Src/stm32746g_discovery_lcd.o
                0x0000000008003924                BSP_LCD_DisplayOn
 .text.BSP_LCD_MspInit
                0x0000000008003960      0x1b4 ./Core/Src/stm32746g_discovery_lcd.o
                0x0000000008003960                BSP_LCD_MspInit
 .text.BSP_LCD_ClockConfig
                0x0000000008003b14       0x38 ./Core/Src/stm32746g_discovery_lcd.o
                0x0000000008003b14                BSP_LCD_ClockConfig
 .text.DrawChar
                0x0000000008003b4c      0x170 ./Core/Src/stm32746g_discovery_lcd.o
 .text.LL_FillBuffer
                0x0000000008003cbc       0x98 ./Core/Src/stm32746g_discovery_lcd.o
 .text.BSP_SDRAM_Init
                0x0000000008003d54       0xbc ./Core/Src/stm32746g_discovery_sdram.o
                0x0000000008003d54                BSP_SDRAM_Init
 .text.BSP_SDRAM_Initialization_sequence
                0x0000000008003e10       0xc0 ./Core/Src/stm32746g_discovery_sdram.o
                0x0000000008003e10                BSP_SDRAM_Initialization_sequence
 .text.BSP_SDRAM_MspInit
                0x0000000008003ed0      0x1f0 ./Core/Src/stm32746g_discovery_sdram.o
                0x0000000008003ed0                BSP_SDRAM_MspInit
 .text.BSP_TS_Init
                0x00000000080040c0       0x80 ./Core/Src/stm32746g_discovery_ts.o
                0x00000000080040c0                BSP_TS_Init
 .text.BSP_TS_GetState
                0x0000000008004140      0x374 ./Core/Src/stm32746g_discovery_ts.o
                0x0000000008004140                BSP_TS_GetState
 .text.BSP_TS_Get_GestureId
                0x00000000080044b4      0x104 ./Core/Src/stm32746g_discovery_ts.o
                0x00000000080044b4                BSP_TS_Get_GestureId
 .text.HAL_MspInit
                0x00000000080045b8       0x50 ./Core/Src/stm32f7xx_hal_msp.o
                0x00000000080045b8                HAL_MspInit
 .text.HAL_DMA2D_MspInit
                0x0000000008004608       0x40 ./Core/Src/stm32f7xx_hal_msp.o
                0x0000000008004608                HAL_DMA2D_MspInit
 .text.HAL_LTDC_MspInit
                0x0000000008004648      0x190 ./Core/Src/stm32f7xx_hal_msp.o
                0x0000000008004648                HAL_LTDC_MspInit
 .text.HAL_SD_MspInit
                0x00000000080047d8      0x1d4 ./Core/Src/stm32f7xx_hal_msp.o
                0x00000000080047d8                HAL_SD_MspInit
 .text.HAL_UART_MspInit
                0x00000000080049ac      0x104 ./Core/Src/stm32f7xx_hal_msp.o
                0x00000000080049ac                HAL_UART_MspInit
 .text.HAL_FMC_MspInit
                0x0000000008004ab0      0x144 ./Core/Src/stm32f7xx_hal_msp.o
 .text.HAL_SDRAM_MspInit
                0x0000000008004bf4       0x14 ./Core/Src/stm32f7xx_hal_msp.o
                0x0000000008004bf4                HAL_SDRAM_MspInit
 .text.HAL_SAI_MspInit
                0x0000000008004c08      0x1bc ./Core/Src/stm32f7xx_hal_msp.o
                0x0000000008004c08                HAL_SAI_MspInit
 .text.HAL_SAI_MspDeInit
                0x0000000008004dc4       0xb4 ./Core/Src/stm32f7xx_hal_msp.o
                0x0000000008004dc4                HAL_SAI_MspDeInit
 .text.HAL_InitTick
                0x0000000008004e78       0xf4 ./Core/Src/stm32f7xx_hal_timebase_tim.o
                0x0000000008004e78                HAL_InitTick
 .text.NMI_Handler
                0x0000000008004f6c        0x6 ./Core/Src/stm32f7xx_it.o
                0x0000000008004f6c                NMI_Handler
 .text.HardFault_Handler
                0x0000000008004f72        0x6 ./Core/Src/stm32f7xx_it.o
                0x0000000008004f72                HardFault_Handler
 .text.MemManage_Handler
                0x0000000008004f78        0x6 ./Core/Src/stm32f7xx_it.o
                0x0000000008004f78                MemManage_Handler
 .text.BusFault_Handler
                0x0000000008004f7e        0x6 ./Core/Src/stm32f7xx_it.o
                0x0000000008004f7e                BusFault_Handler
 .text.UsageFault_Handler
                0x0000000008004f84        0x6 ./Core/Src/stm32f7xx_it.o
                0x0000000008004f84                UsageFault_Handler
 .text.DebugMon_Handler
                0x0000000008004f8a        0xe ./Core/Src/stm32f7xx_it.o
                0x0000000008004f8a                DebugMon_Handler
 .text.SDMMC1_IRQHandler
                0x0000000008004f98       0x14 ./Core/Src/stm32f7xx_it.o
                0x0000000008004f98                SDMMC1_IRQHandler
 .text.TIM6_DAC_IRQHandler
                0x0000000008004fac       0x14 ./Core/Src/stm32f7xx_it.o
                0x0000000008004fac                TIM6_DAC_IRQHandler
 .text.DMA2_Stream3_IRQHandler
                0x0000000008004fc0       0x14 ./Core/Src/stm32f7xx_it.o
                0x0000000008004fc0                DMA2_Stream3_IRQHandler
 .text.DMA2_Stream4_IRQHandler
                0x0000000008004fd4       0x14 ./Core/Src/stm32f7xx_it.o
                0x0000000008004fd4                DMA2_Stream4_IRQHandler
 .text.DMA2_Stream6_IRQHandler
                0x0000000008004fe8       0x14 ./Core/Src/stm32f7xx_it.o
                0x0000000008004fe8                DMA2_Stream6_IRQHandler
 .text.DMA2_Stream7_IRQHandler
                0x0000000008004ffc       0x14 ./Core/Src/stm32f7xx_it.o
                0x0000000008004ffc                DMA2_Stream7_IRQHandler
 .text.LTDC_IRQHandler
                0x0000000008005010       0x14 ./Core/Src/stm32f7xx_it.o
                0x0000000008005010                LTDC_IRQHandler
 .text.SystemInit
                0x0000000008005024       0x24 ./Core/Src/system_stm32f7xx.o
                0x0000000008005024                SystemInit
 .text.wm8994_Init
                0x0000000008005048      0xda8 ./Core/Src/wm8994.o
                0x0000000008005048                wm8994_Init
 .text.wm8994_DeInit
                0x0000000008005df0        0xc ./Core/Src/wm8994.o
                0x0000000008005df0                wm8994_DeInit
 .text.wm8994_ReadID
                0x0000000008005dfc       0x24 ./Core/Src/wm8994.o
                0x0000000008005dfc                wm8994_ReadID
 .text.wm8994_Play
                0x0000000008005e20       0x30 ./Core/Src/wm8994.o
                0x0000000008005e20                wm8994_Play
 .text.wm8994_Pause
                0x0000000008005e50       0x42 ./Core/Src/wm8994.o
                0x0000000008005e50                wm8994_Pause
 .text.wm8994_Resume
                0x0000000008005e92       0x2a ./Core/Src/wm8994.o
                0x0000000008005e92                wm8994_Resume
 .text.wm8994_Stop
                0x0000000008005ebc       0xdc ./Core/Src/wm8994.o
                0x0000000008005ebc                wm8994_Stop
 .text.wm8994_SetVolume
                0x0000000008005f98      0x248 ./Core/Src/wm8994.o
                0x0000000008005f98                wm8994_SetVolume
 .text.wm8994_SetVolumeOut
                0x00000000080061e0      0x188 ./Core/Src/wm8994.o
                0x00000000080061e0                wm8994_SetVolumeOut
 .text.wm8994_SetVolumeIn
                0x0000000008006368       0xbc ./Core/Src/wm8994.o
                0x0000000008006368                wm8994_SetVolumeIn
 .text.wm8994_SetMute
                0x0000000008006424       0x9c ./Core/Src/wm8994.o
                0x0000000008006424                wm8994_SetMute
 .text.wm8994_SetOutputMode
                0x00000000080064c0      0x246 ./Core/Src/wm8994.o
                0x00000000080064c0                wm8994_SetOutputMode
 *fill*         0x0000000008006706        0x2 
 .text.wm8994_SetFrequency
                0x0000000008006708      0x1a8 ./Core/Src/wm8994.o
                0x0000000008006708                wm8994_SetFrequency
 .text.wm8994_Reset
                0x00000000080068b0       0x40 ./Core/Src/wm8994.o
                0x00000000080068b0                wm8994_Reset
 .text.CODEC_IO_Write
                0x00000000080068f0       0x2e ./Core/Src/wm8994.o
 *fill*         0x000000000800691e        0x2 
 .text.Reset_Handler
                0x0000000008006920       0x50 ./Core/Startup/startup_stm32f746nghx.o
                0x0000000008006920                Reset_Handler
 .text.Default_Handler
                0x0000000008006970        0x2 ./Core/Startup/startup_stm32f746nghx.o
                0x0000000008006970                RTC_Alarm_IRQHandler
                0x0000000008006970                EXTI2_IRQHandler
                0x0000000008006970                TIM8_CC_IRQHandler
                0x0000000008006970                UART8_IRQHandler
                0x0000000008006970                SPI4_IRQHandler
                0x0000000008006970                TIM1_CC_IRQHandler
                0x0000000008006970                DMA2_Stream5_IRQHandler
                0x0000000008006970                DMA1_Stream5_IRQHandler
                0x0000000008006970                PVD_IRQHandler
                0x0000000008006970                TAMP_STAMP_IRQHandler
                0x0000000008006970                CAN2_RX1_IRQHandler
                0x0000000008006970                EXTI3_IRQHandler
                0x0000000008006970                TIM8_TRG_COM_TIM14_IRQHandler
                0x0000000008006970                TIM1_UP_TIM10_IRQHandler
                0x0000000008006970                TIM8_UP_TIM13_IRQHandler
                0x0000000008006970                I2C3_ER_IRQHandler
                0x0000000008006970                EXTI0_IRQHandler
                0x0000000008006970                I2C2_EV_IRQHandler
                0x0000000008006970                DMA1_Stream2_IRQHandler
                0x0000000008006970                CAN1_RX0_IRQHandler
                0x0000000008006970                FPU_IRQHandler
                0x0000000008006970                OTG_HS_WKUP_IRQHandler
                0x0000000008006970                LTDC_ER_IRQHandler
                0x0000000008006970                CAN2_SCE_IRQHandler
                0x0000000008006970                DMA2_Stream2_IRQHandler
                0x0000000008006970                SPI1_IRQHandler
                0x0000000008006970                TIM1_BRK_TIM9_IRQHandler
                0x0000000008006970                DCMI_IRQHandler
                0x0000000008006970                CAN2_RX0_IRQHandler
                0x0000000008006970                SAI2_IRQHandler
                0x0000000008006970                USART6_IRQHandler
                0x0000000008006970                USART3_IRQHandler
                0x0000000008006970                CAN1_RX1_IRQHandler
                0x0000000008006970                UART5_IRQHandler
                0x0000000008006970                DMA2_Stream0_IRQHandler
                0x0000000008006970                TIM4_IRQHandler
                0x0000000008006970                QUADSPI_IRQHandler
                0x0000000008006970                I2C1_EV_IRQHandler
                0x0000000008006970                DMA1_Stream6_IRQHandler
                0x0000000008006970                DMA1_Stream1_IRQHandler
                0x0000000008006970                UART4_IRQHandler
                0x0000000008006970                TIM3_IRQHandler
                0x0000000008006970                RCC_IRQHandler
                0x0000000008006970                TIM8_BRK_TIM12_IRQHandler
                0x0000000008006970                Default_Handler
                0x0000000008006970                CEC_IRQHandler
                0x0000000008006970                EXTI15_10_IRQHandler
                0x0000000008006970                ADC_IRQHandler
                0x0000000008006970                DMA1_Stream7_IRQHandler
                0x0000000008006970                SPI5_IRQHandler
                0x0000000008006970                TIM7_IRQHandler
                0x0000000008006970                CAN2_TX_IRQHandler
                0x0000000008006970                TIM5_IRQHandler
                0x0000000008006970                I2C3_EV_IRQHandler
                0x0000000008006970                EXTI9_5_IRQHandler
                0x0000000008006970                RTC_WKUP_IRQHandler
                0x0000000008006970                ETH_WKUP_IRQHandler
                0x0000000008006970                SPDIF_RX_IRQHandler
                0x0000000008006970                SPI2_IRQHandler
                0x0000000008006970                OTG_HS_EP1_IN_IRQHandler
                0x0000000008006970                DMA1_Stream0_IRQHandler
                0x0000000008006970                CAN1_TX_IRQHandler
                0x0000000008006970                EXTI4_IRQHandler
                0x0000000008006970                RNG_IRQHandler
                0x0000000008006970                ETH_IRQHandler
                0x0000000008006970                OTG_HS_EP1_OUT_IRQHandler
                0x0000000008006970                WWDG_IRQHandler
                0x0000000008006970                SPI6_IRQHandler
                0x0000000008006970                I2C4_EV_IRQHandler
                0x0000000008006970                TIM2_IRQHandler
                0x0000000008006970                OTG_FS_WKUP_IRQHandler
                0x0000000008006970                TIM1_TRG_COM_TIM11_IRQHandler
                0x0000000008006970                OTG_HS_IRQHandler
                0x0000000008006970                DMA2D_IRQHandler
                0x0000000008006970                EXTI1_IRQHandler
                0x0000000008006970                UART7_IRQHandler
                0x0000000008006970                USART2_IRQHandler
                0x0000000008006970                I2C2_ER_IRQHandler
                0x0000000008006970                DMA2_Stream1_IRQHandler
                0x0000000008006970                CAN1_SCE_IRQHandler
                0x0000000008006970                FLASH_IRQHandler
                0x0000000008006970                USART1_IRQHandler
                0x0000000008006970                OTG_FS_IRQHandler
                0x0000000008006970                SPI3_IRQHandler
                0x0000000008006970                DMA1_Stream4_IRQHandler
                0x0000000008006970                I2C1_ER_IRQHandler
                0x0000000008006970                FMC_IRQHandler
                0x0000000008006970                LPTIM1_IRQHandler
                0x0000000008006970                I2C4_ER_IRQHandler
                0x0000000008006970                SAI1_IRQHandler
                0x0000000008006970                DMA1_Stream3_IRQHandler
 .text.HAL_Init
                0x0000000008006972       0x1a ./Drivers/STM32F7xx_HAL_Driver/Src/stm32f7xx_hal.o
                0x0000000008006972                HAL_Init
 .text.HAL_IncTick
                0x000000000800698c       0x28 ./Drivers/STM32F7xx_HAL_Driver/Src/stm32f7xx_hal.o
                0x000000000800698c                HAL_IncTick
 .text.HAL_GetTick
                0x00000000080069b4       0x18 ./Drivers/STM32F7xx_HAL_Driver/Src/stm32f7xx_hal.o
                0x00000000080069b4                HAL_GetTick
 .text.HAL_Delay
                0x00000000080069cc       0x48 ./Drivers/STM32F7xx_HAL_Driver/Src/stm32f7xx_hal.o
                0x00000000080069cc                HAL_Delay
 .text.__NVIC_SetPriorityGrouping
                0x0000000008006a14       0x48 ./Drivers/STM32F7xx_HAL_Driver/Src/stm32f7xx_hal_cortex.o
 .text.__NVIC_GetPriorityGrouping
                0x0000000008006a5c       0x1c ./Drivers/STM32F7xx_HAL_Driver/Src/stm32f7xx_hal_cortex.o
 .text.__NVIC_EnableIRQ
                0x0000000008006a78       0x3c ./Drivers/STM32F7xx_HAL_Driver/Src/stm32f7xx_hal_cortex.o
 .text.__NVIC_SetPriority
                0x0000000008006ab4       0x54 ./Drivers/STM32F7xx_HAL_Driver/Src/stm32f7xx_hal_cortex.o
 .text.NVIC_EncodePriority
                0x0000000008006b08       0x66 ./Drivers/STM32F7xx_HAL_Driver/Src/stm32f7xx_hal_cortex.o
 .text.HAL_NVIC_SetPriorityGrouping
                0x0000000008006b6e       0x16 ./Drivers/STM32F7xx_HAL_Driver/Src/stm32f7xx_hal_cortex.o
                0x0000000008006b6e                HAL_NVIC_SetPriorityGrouping
 .text.HAL_NVIC_SetPriority
                0x0000000008006b84       0x38 ./Drivers/STM32F7xx_HAL_Driver/Src/stm32f7xx_hal_cortex.o
                0x0000000008006b84                HAL_NVIC_SetPriority
 .text.HAL_NVIC_EnableIRQ
                0x0000000008006bbc       0x1c ./Drivers/STM32F7xx_HAL_Driver/Src/stm32f7xx_hal_cortex.o
                0x0000000008006bbc                HAL_NVIC_EnableIRQ
 .text.HAL_DMA_Init
                0x0000000008006bd8      0x15c ./Drivers/STM32F7xx_HAL_Driver/Src/stm32f7xx_hal_dma.o
                0x0000000008006bd8                HAL_DMA_Init
 .text.HAL_DMA_DeInit
                0x0000000008006d34       0xbc ./Drivers/STM32F7xx_HAL_Driver/Src/stm32f7xx_hal_dma.o
                0x0000000008006d34                HAL_DMA_DeInit
 .text.HAL_DMA_Start_IT
                0x0000000008006df0       0xc0 ./Drivers/STM32F7xx_HAL_Driver/Src/stm32f7xx_hal_dma.o
                0x0000000008006df0                HAL_DMA_Start_IT
 .text.HAL_DMA_Abort_IT
                0x0000000008006eb0       0x44 ./Drivers/STM32F7xx_HAL_Driver/Src/stm32f7xx_hal_dma.o
                0x0000000008006eb0                HAL_DMA_Abort_IT
 .text.HAL_DMA_IRQHandler
                0x0000000008006ef4      0x314 ./Drivers/STM32F7xx_HAL_Driver/Src/stm32f7xx_hal_dma.o
                0x0000000008006ef4                HAL_DMA_IRQHandler
 .text.HAL_DMA_GetError
                0x0000000008007208       0x18 ./Drivers/STM32F7xx_HAL_Driver/Src/stm32f7xx_hal_dma.o
                0x0000000008007208                HAL_DMA_GetError
 .text.DMA_SetConfig
                0x0000000008007220       0x5c ./Drivers/STM32F7xx_HAL_Driver/Src/stm32f7xx_hal_dma.o
 .text.DMA_CalcBaseAndBitshift
                0x000000000800727c       0x6c ./Drivers/STM32F7xx_HAL_Driver/Src/stm32f7xx_hal_dma.o
 .text.DMA_CheckFifoParam
                0x00000000080072e8       0xf8 ./Drivers/STM32F7xx_HAL_Driver/Src/stm32f7xx_hal_dma.o
 .text.HAL_DMA2D_Init
                0x00000000080073e0       0x94 ./Drivers/STM32F7xx_HAL_Driver/Src/stm32f7xx_hal_dma2d.o
                0x00000000080073e0                HAL_DMA2D_Init
 .text.HAL_DMA2D_Start
                0x0000000008007474       0x56 ./Drivers/STM32F7xx_HAL_Driver/Src/stm32f7xx_hal_dma2d.o
                0x0000000008007474                HAL_DMA2D_Start
 .text.HAL_DMA2D_PollForTransfer
                0x00000000080074ca      0x1d2 ./Drivers/STM32F7xx_HAL_Driver/Src/stm32f7xx_hal_dma2d.o
                0x00000000080074ca                HAL_DMA2D_PollForTransfer
 .text.HAL_DMA2D_ConfigLayer
                0x000000000800769c      0x124 ./Drivers/STM32F7xx_HAL_Driver/Src/stm32f7xx_hal_dma2d.o
                0x000000000800769c                HAL_DMA2D_ConfigLayer
 .text.DMA2D_SetConfig
                0x00000000080077c0      0x138 ./Drivers/STM32F7xx_HAL_Driver/Src/stm32f7xx_hal_dma2d.o
 .text.HAL_GPIO_Init
                0x00000000080078f8      0x358 ./Drivers/STM32F7xx_HAL_Driver/Src/stm32f7xx_hal_gpio.o
                0x00000000080078f8                HAL_GPIO_Init
 .text.HAL_GPIO_DeInit
                0x0000000008007c50      0x218 ./Drivers/STM32F7xx_HAL_Driver/Src/stm32f7xx_hal_gpio.o
                0x0000000008007c50                HAL_GPIO_DeInit
 .text.HAL_GPIO_ReadPin
                0x0000000008007e68       0x30 ./Drivers/STM32F7xx_HAL_Driver/Src/stm32f7xx_hal_gpio.o
                0x0000000008007e68                HAL_GPIO_ReadPin
 .text.HAL_GPIO_WritePin
                0x0000000008007e98       0x32 ./Drivers/STM32F7xx_HAL_Driver/Src/stm32f7xx_hal_gpio.o
                0x0000000008007e98                HAL_GPIO_WritePin
 *fill*         0x0000000008007eca        0x2 
 .text.HAL_I2C_Init
                0x0000000008007ecc      0x120 ./Drivers/STM32F7xx_HAL_Driver/Src/stm32f7xx_hal_i2c.o
                0x0000000008007ecc                HAL_I2C_Init
 .text.HAL_I2C_DeInit
                0x0000000008007fec       0x5e ./Drivers/STM32F7xx_HAL_Driver/Src/stm32f7xx_hal_i2c.o
                0x0000000008007fec                HAL_I2C_DeInit
 .text.HAL_I2C_MspInit
                0x000000000800804a       0x14 ./Drivers/STM32F7xx_HAL_Driver/Src/stm32f7xx_hal_i2c.o
                0x000000000800804a                HAL_I2C_MspInit
 .text.HAL_I2C_MspDeInit
                0x000000000800805e       0x14 ./Drivers/STM32F7xx_HAL_Driver/Src/stm32f7xx_hal_i2c.o
                0x000000000800805e                HAL_I2C_MspDeInit
 *fill*         0x0000000008008072        0x2 
 .text.HAL_I2C_Mem_Write
                0x0000000008008074      0x228 ./Drivers/STM32F7xx_HAL_Driver/Src/stm32f7xx_hal_i2c.o
                0x0000000008008074                HAL_I2C_Mem_Write
 .text.HAL_I2C_Mem_Read
                0x000000000800829c      0x234 ./Drivers/STM32F7xx_HAL_Driver/Src/stm32f7xx_hal_i2c.o
                0x000000000800829c                HAL_I2C_Mem_Read
 .text.HAL_I2C_GetState
                0x00000000080084d0       0x1c ./Drivers/STM32F7xx_HAL_Driver/Src/stm32f7xx_hal_i2c.o
                0x00000000080084d0                HAL_I2C_GetState
 .text.I2C_RequestMemoryWrite
                0x00000000080084ec       0xa8 ./Drivers/STM32F7xx_HAL_Driver/Src/stm32f7xx_hal_i2c.o
 .text.I2C_RequestMemoryRead
                0x0000000008008594       0xa8 ./Drivers/STM32F7xx_HAL_Driver/Src/stm32f7xx_hal_i2c.o
 .text.I2C_Flush_TXDR
                0x000000000800863c       0x48 ./Drivers/STM32F7xx_HAL_Driver/Src/stm32f7xx_hal_i2c.o
 .text.I2C_WaitOnFlagUntilTimeout
                0x0000000008008684       0x80 ./Drivers/STM32F7xx_HAL_Driver/Src/stm32f7xx_hal_i2c.o
 .text.I2C_WaitOnTXISFlagUntilTimeout
                0x0000000008008704       0x80 ./Drivers/STM32F7xx_HAL_Driver/Src/stm32f7xx_hal_i2c.o
 .text.I2C_WaitOnSTOPFlagUntilTimeout
                0x0000000008008784       0x78 ./Drivers/STM32F7xx_HAL_Driver/Src/stm32f7xx_hal_i2c.o
 .text.I2C_IsErrorOccurred
                0x00000000080087fc      0x1c0 ./Drivers/STM32F7xx_HAL_Driver/Src/stm32f7xx_hal_i2c.o
 .text.I2C_TransferConfig
                0x00000000080089bc       0x64 ./Drivers/STM32F7xx_HAL_Driver/Src/stm32f7xx_hal_i2c.o
 .text.HAL_LTDC_Init
                0x0000000008008a20      0x1a0 ./Drivers/STM32F7xx_HAL_Driver/Src/stm32f7xx_hal_ltdc.o
                0x0000000008008a20                HAL_LTDC_Init
 .text.HAL_LTDC_IRQHandler
                0x0000000008008bc0      0x148 ./Drivers/STM32F7xx_HAL_Driver/Src/stm32f7xx_hal_ltdc.o
                0x0000000008008bc0                HAL_LTDC_IRQHandler
 .text.HAL_LTDC_ErrorCallback
                0x0000000008008d08       0x14 ./Drivers/STM32F7xx_HAL_Driver/Src/stm32f7xx_hal_ltdc.o
                0x0000000008008d08                HAL_LTDC_ErrorCallback
 .text.HAL_LTDC_LineEventCallback
                0x0000000008008d1c       0x14 ./Drivers/STM32F7xx_HAL_Driver/Src/stm32f7xx_hal_ltdc.o
                0x0000000008008d1c                HAL_LTDC_LineEventCallback
 .text.HAL_LTDC_ReloadEventCallback
                0x0000000008008d30       0x14 ./Drivers/STM32F7xx_HAL_Driver/Src/stm32f7xx_hal_ltdc.o
                0x0000000008008d30                HAL_LTDC_ReloadEventCallback
 .text.HAL_LTDC_ConfigLayer
                0x0000000008008d44       0x7c ./Drivers/STM32F7xx_HAL_Driver/Src/stm32f7xx_hal_ltdc.o
                0x0000000008008d44                HAL_LTDC_ConfigLayer
 .text.HAL_LTDC_GetState
                0x0000000008008dc0       0x1c ./Drivers/STM32F7xx_HAL_Driver/Src/stm32f7xx_hal_ltdc.o
                0x0000000008008dc0                HAL_LTDC_GetState
 .text.LTDC_SetConfig
                0x0000000008008ddc      0x334 ./Drivers/STM32F7xx_HAL_Driver/Src/stm32f7xx_hal_ltdc.o
 .text.HAL_PWR_EnableBkUpAccess
                0x0000000008009110       0x20 ./Drivers/STM32F7xx_HAL_Driver/Src/stm32f7xx_hal_pwr.o
                0x0000000008009110                HAL_PWR_EnableBkUpAccess
 .text.HAL_PWREx_EnableOverDrive
                0x0000000008009130       0xa0 ./Drivers/STM32F7xx_HAL_Driver/Src/stm32f7xx_hal_pwr_ex.o
                0x0000000008009130                HAL_PWREx_EnableOverDrive
 .text.HAL_RCC_OscConfig
                0x00000000080091d0      0x548 ./Drivers/STM32F7xx_HAL_Driver/Src/stm32f7xx_hal_rcc.o
                0x00000000080091d0                HAL_RCC_OscConfig
 .text.HAL_RCC_ClockConfig
                0x0000000008009718      0x1d8 ./Drivers/STM32F7xx_HAL_Driver/Src/stm32f7xx_hal_rcc.o
                0x0000000008009718                HAL_RCC_ClockConfig
 .text.HAL_RCC_GetSysClockFreq
                0x00000000080098f0      0x18c ./Drivers/STM32F7xx_HAL_Driver/Src/stm32f7xx_hal_rcc.o
                0x00000000080098f0                HAL_RCC_GetSysClockFreq
 .text.HAL_RCC_GetHCLKFreq
                0x0000000008009a7c       0x18 ./Drivers/STM32F7xx_HAL_Driver/Src/stm32f7xx_hal_rcc.o
                0x0000000008009a7c                HAL_RCC_GetHCLKFreq
 .text.HAL_RCC_GetPCLK1Freq
                0x0000000008009a94       0x28 ./Drivers/STM32F7xx_HAL_Driver/Src/stm32f7xx_hal_rcc.o
                0x0000000008009a94                HAL_RCC_GetPCLK1Freq
 .text.HAL_RCC_GetPCLK2Freq
                0x0000000008009abc       0x28 ./Drivers/STM32F7xx_HAL_Driver/Src/stm32f7xx_hal_rcc.o
                0x0000000008009abc                HAL_RCC_GetPCLK2Freq
 .text.HAL_RCC_GetClockConfig
                0x0000000008009ae4       0x64 ./Drivers/STM32F7xx_HAL_Driver/Src/stm32f7xx_hal_rcc.o
                0x0000000008009ae4                HAL_RCC_GetClockConfig
 .text.HAL_RCCEx_PeriphCLKConfig
                0x0000000008009b48      0x7e0 ./Drivers/STM32F7xx_HAL_Driver/Src/stm32f7xx_hal_rcc_ex.o
                0x0000000008009b48                HAL_RCCEx_PeriphCLKConfig
 .text.HAL_RCCEx_GetPeriphCLKConfig
                0x000000000800a328      0x218 ./Drivers/STM32F7xx_HAL_Driver/Src/stm32f7xx_hal_rcc_ex.o
                0x000000000800a328                HAL_RCCEx_GetPeriphCLKConfig
 .text.HAL_RCCEx_GetPeriphCLKFreq
                0x000000000800a540      0x288 ./Drivers/STM32F7xx_HAL_Driver/Src/stm32f7xx_hal_rcc_ex.o
                0x000000000800a540                HAL_RCCEx_GetPeriphCLKFreq
 .text.HAL_SAI_Init
                0x000000000800a7c8      0x2fc ./Drivers/STM32F7xx_HAL_Driver/Src/stm32f7xx_hal_sai.o
                0x000000000800a7c8                HAL_SAI_Init
 .text.HAL_SAI_DeInit
                0x000000000800aac4       0x6a ./Drivers/STM32F7xx_HAL_Driver/Src/stm32f7xx_hal_sai.o
                0x000000000800aac4                HAL_SAI_DeInit
 *fill*         0x000000000800ab2e        0x2 
 .text.HAL_SAI_Transmit_DMA
                0x000000000800ab30      0x160 ./Drivers/STM32F7xx_HAL_Driver/Src/stm32f7xx_hal_sai.o
                0x000000000800ab30                HAL_SAI_Transmit_DMA
 .text.HAL_SAI_GetState
                0x000000000800ac90       0x1c ./Drivers/STM32F7xx_HAL_Driver/Src/stm32f7xx_hal_sai.o
                0x000000000800ac90                HAL_SAI_GetState
 .text.SAI_InterruptFlag
                0x000000000800acac       0x6c ./Drivers/STM32F7xx_HAL_Driver/Src/stm32f7xx_hal_sai.o
 .text.SAI_Disable
                0x000000000800ad18       0x70 ./Drivers/STM32F7xx_HAL_Driver/Src/stm32f7xx_hal_sai.o
 .text.SAI_DMATxCplt
                0x000000000800ad88       0x60 ./Drivers/STM32F7xx_HAL_Driver/Src/stm32f7xx_hal_sai.o
 .text.SAI_DMATxHalfCplt
                0x000000000800ade8       0x1c ./Drivers/STM32F7xx_HAL_Driver/Src/stm32f7xx_hal_sai.o
 .text.SAI_DMAError
                0x000000000800ae04       0x66 ./Drivers/STM32F7xx_HAL_Driver/Src/stm32f7xx_hal_sai.o
 .text.HAL_SD_Init
                0x000000000800ae6a       0x60 ./Drivers/STM32F7xx_HAL_Driver/Src/stm32f7xx_hal_sd.o
                0x000000000800ae6a                HAL_SD_Init
 *fill*         0x000000000800aeca        0x2 
 .text.HAL_SD_InitCard
                0x000000000800aecc      0x110 ./Drivers/STM32F7xx_HAL_Driver/Src/stm32f7xx_hal_sd.o
                0x000000000800aecc                HAL_SD_InitCard
 .text.HAL_SD_ReadBlocks_DMA
                0x000000000800afdc      0x1c4 ./Drivers/STM32F7xx_HAL_Driver/Src/stm32f7xx_hal_sd.o
                0x000000000800afdc                HAL_SD_ReadBlocks_DMA
 .text.HAL_SD_WriteBlocks_DMA
                0x000000000800b1a0      0x1cc ./Drivers/STM32F7xx_HAL_Driver/Src/stm32f7xx_hal_sd.o
                0x000000000800b1a0                HAL_SD_WriteBlocks_DMA
 .text.HAL_SD_IRQHandler
                0x000000000800b36c      0x2ec ./Drivers/STM32F7xx_HAL_Driver/Src/stm32f7xx_hal_sd.o
                0x000000000800b36c                HAL_SD_IRQHandler
 .text.HAL_SD_ErrorCallback
                0x000000000800b658       0x14 ./Drivers/STM32F7xx_HAL_Driver/Src/stm32f7xx_hal_sd.o
                0x000000000800b658                HAL_SD_ErrorCallback
 .text.HAL_SD_GetCardCSD
                0x000000000800b66c      0x348 ./Drivers/STM32F7xx_HAL_Driver/Src/stm32f7xx_hal_sd.o
                0x000000000800b66c                HAL_SD_GetCardCSD
 .text.HAL_SD_GetCardInfo
                0x000000000800b9b4       0x58 ./Drivers/STM32F7xx_HAL_Driver/Src/stm32f7xx_hal_sd.o
                0x000000000800b9b4                HAL_SD_GetCardInfo
 .text.HAL_SD_GetCardState
                0x000000000800ba0c       0x40 ./Drivers/STM32F7xx_HAL_Driver/Src/stm32f7xx_hal_sd.o
                0x000000000800ba0c                HAL_SD_GetCardState
 .text.SD_DMATransmitCplt
                0x000000000800ba4c       0x2a ./Drivers/STM32F7xx_HAL_Driver/Src/stm32f7xx_hal_sd.o
 .text.SD_DMAReceiveCplt
                0x000000000800ba76       0x70 ./Drivers/STM32F7xx_HAL_Driver/Src/stm32f7xx_hal_sd.o
 *fill*         0x000000000800bae6        0x2 
 .text.SD_DMAError
                0x000000000800bae8       0xa4 ./Drivers/STM32F7xx_HAL_Driver/Src/stm32f7xx_hal_sd.o
 .text.SD_DMATxAbort
                0x000000000800bb8c       0x6e ./Drivers/STM32F7xx_HAL_Driver/Src/stm32f7xx_hal_sd.o
 .text.SD_DMARxAbort
                0x000000000800bbfa       0x6e ./Drivers/STM32F7xx_HAL_Driver/Src/stm32f7xx_hal_sd.o
 .text.SD_InitCard
                0x000000000800bc68      0x19c ./Drivers/STM32F7xx_HAL_Driver/Src/stm32f7xx_hal_sd.o
 .text.SD_PowerON
                0x000000000800be04      0x11c ./Drivers/STM32F7xx_HAL_Driver/Src/stm32f7xx_hal_sd.o
 .text.SD_SendStatus
                0x000000000800bf20       0x50 ./Drivers/STM32F7xx_HAL_Driver/Src/stm32f7xx_hal_sd.o
 .text.SD_Read_IT
                0x000000000800bf70       0xa2 ./Drivers/STM32F7xx_HAL_Driver/Src/stm32f7xx_hal_sd.o
 .text.SD_Write_IT
                0x000000000800c012       0xaa ./Drivers/STM32F7xx_HAL_Driver/Src/stm32f7xx_hal_sd.o
 .text.HAL_SDRAM_Init
                0x000000000800c0bc       0x68 ./Drivers/STM32F7xx_HAL_Driver/Src/stm32f7xx_hal_sdram.o
                0x000000000800c0bc                HAL_SDRAM_Init
 .text.HAL_SDRAM_SendCommand
                0x000000000800c124       0x6a ./Drivers/STM32F7xx_HAL_Driver/Src/stm32f7xx_hal_sdram.o
                0x000000000800c124                HAL_SDRAM_SendCommand
 .text.HAL_SDRAM_ProgramRefreshRate
                0x000000000800c18e       0x50 ./Drivers/STM32F7xx_HAL_Driver/Src/stm32f7xx_hal_sdram.o
                0x000000000800c18e                HAL_SDRAM_ProgramRefreshRate
 .text.HAL_TIM_Base_Init
                0x000000000800c1de       0xae ./Drivers/STM32F7xx_HAL_Driver/Src/stm32f7xx_hal_tim.o
                0x000000000800c1de                HAL_TIM_Base_Init
 .text.HAL_TIM_Base_MspInit
                0x000000000800c28c       0x14 ./Drivers/STM32F7xx_HAL_Driver/Src/stm32f7xx_hal_tim.o
                0x000000000800c28c                HAL_TIM_Base_MspInit
 .text.HAL_TIM_Base_Start_IT
                0x000000000800c2a0       0xf0 ./Drivers/STM32F7xx_HAL_Driver/Src/stm32f7xx_hal_tim.o
                0x000000000800c2a0                HAL_TIM_Base_Start_IT
 .text.HAL_TIM_IRQHandler
                0x000000000800c390      0x23e ./Drivers/STM32F7xx_HAL_Driver/Src/stm32f7xx_hal_tim.o
                0x000000000800c390                HAL_TIM_IRQHandler
 .text.HAL_TIM_OC_DelayElapsedCallback
                0x000000000800c5ce       0x14 ./Drivers/STM32F7xx_HAL_Driver/Src/stm32f7xx_hal_tim.o
                0x000000000800c5ce                HAL_TIM_OC_DelayElapsedCallback
 .text.HAL_TIM_IC_CaptureCallback
                0x000000000800c5e2       0x14 ./Drivers/STM32F7xx_HAL_Driver/Src/stm32f7xx_hal_tim.o
                0x000000000800c5e2                HAL_TIM_IC_CaptureCallback
 .text.HAL_TIM_PWM_PulseFinishedCallback
                0x000000000800c5f6       0x14 ./Drivers/STM32F7xx_HAL_Driver/Src/stm32f7xx_hal_tim.o
                0x000000000800c5f6                HAL_TIM_PWM_PulseFinishedCallback
 .text.HAL_TIM_TriggerCallback
                0x000000000800c60a       0x14 ./Drivers/STM32F7xx_HAL_Driver/Src/stm32f7xx_hal_tim.o
                0x000000000800c60a                HAL_TIM_TriggerCallback
 *fill*         0x000000000800c61e        0x2 
 .text.TIM_Base_SetConfig
                0x000000000800c620      0x140 ./Drivers/STM32F7xx_HAL_Driver/Src/stm32f7xx_hal_tim.o
                0x000000000800c620                TIM_Base_SetConfig
 .text.HAL_TIMEx_CommutCallback
                0x000000000800c760       0x14 ./Drivers/STM32F7xx_HAL_Driver/Src/stm32f7xx_hal_tim_ex.o
                0x000000000800c760                HAL_TIMEx_CommutCallback
 .text.HAL_TIMEx_BreakCallback
                0x000000000800c774       0x14 ./Drivers/STM32F7xx_HAL_Driver/Src/stm32f7xx_hal_tim_ex.o
                0x000000000800c774                HAL_TIMEx_BreakCallback
 .text.HAL_TIMEx_Break2Callback
                0x000000000800c788       0x14 ./Drivers/STM32F7xx_HAL_Driver/Src/stm32f7xx_hal_tim_ex.o
                0x000000000800c788                HAL_TIMEx_Break2Callback
 .text.HAL_UART_Init
                0x000000000800c79c       0x9c ./Drivers/STM32F7xx_HAL_Driver/Src/stm32f7xx_hal_uart.o
                0x000000000800c79c                HAL_UART_Init
 .text.UART_SetConfig
                0x000000000800c838      0x4c8 ./Drivers/STM32F7xx_HAL_Driver/Src/stm32f7xx_hal_uart.o
                0x000000000800c838                UART_SetConfig
 .text.UART_AdvFeatureConfig
                0x000000000800cd00      0x144 ./Drivers/STM32F7xx_HAL_Driver/Src/stm32f7xx_hal_uart.o
                0x000000000800cd00                UART_AdvFeatureConfig
 .text.UART_CheckIdleState
                0x000000000800ce44       0x6e ./Drivers/STM32F7xx_HAL_Driver/Src/stm32f7xx_hal_uart.o
                0x000000000800ce44                UART_CheckIdleState
 .text.UART_WaitOnFlagUntilTimeout
                0x000000000800ceb2      0x18c ./Drivers/STM32F7xx_HAL_Driver/Src/stm32f7xx_hal_uart.o
                0x000000000800ceb2                UART_WaitOnFlagUntilTimeout
 *fill*         0x000000000800d03e        0x2 
 .text.FMC_SDRAM_Init
                0x000000000800d040       0xb8 ./Drivers/STM32F7xx_HAL_Driver/Src/stm32f7xx_ll_fmc.o
                0x000000000800d040                FMC_SDRAM_Init
 .text.FMC_SDRAM_Timing_Init
                0x000000000800d0f8       0xd4 ./Drivers/STM32F7xx_HAL_Driver/Src/stm32f7xx_ll_fmc.o
                0x000000000800d0f8                FMC_SDRAM_Timing_Init
 .text.FMC_SDRAM_SendCommand
                0x000000000800d1cc       0x48 ./Drivers/STM32F7xx_HAL_Driver/Src/stm32f7xx_ll_fmc.o
                0x000000000800d1cc                FMC_SDRAM_SendCommand
 .text.FMC_SDRAM_ProgramRefreshRate
                0x000000000800d214       0x30 ./Drivers/STM32F7xx_HAL_Driver/Src/stm32f7xx_ll_fmc.o
                0x000000000800d214                FMC_SDRAM_ProgramRefreshRate
 .text.SDMMC_Init
                0x000000000800d244       0x58 ./Drivers/STM32F7xx_HAL_Driver/Src/stm32f7xx_ll_sdmmc.o
                0x000000000800d244                SDMMC_Init
 .text.SDMMC_ReadFIFO
                0x000000000800d29c       0x1a ./Drivers/STM32F7xx_HAL_Driver/Src/stm32f7xx_ll_sdmmc.o
                0x000000000800d29c                SDMMC_ReadFIFO
 .text.SDMMC_WriteFIFO
                0x000000000800d2b6       0x22 ./Drivers/STM32F7xx_HAL_Driver/Src/stm32f7xx_ll_sdmmc.o
                0x000000000800d2b6                SDMMC_WriteFIFO
 .text.SDMMC_PowerState_ON
                0x000000000800d2d8       0x1c ./Drivers/STM32F7xx_HAL_Driver/Src/stm32f7xx_ll_sdmmc.o
                0x000000000800d2d8                SDMMC_PowerState_ON
 .text.SDMMC_GetPowerState
                0x000000000800d2f4       0x1c ./Drivers/STM32F7xx_HAL_Driver/Src/stm32f7xx_ll_sdmmc.o
                0x000000000800d2f4                SDMMC_GetPowerState
 .text.SDMMC_SendCommand
                0x000000000800d310       0x54 ./Drivers/STM32F7xx_HAL_Driver/Src/stm32f7xx_ll_sdmmc.o
                0x000000000800d310                SDMMC_SendCommand
 .text.SDMMC_GetCommandResponse
                0x000000000800d364       0x1a ./Drivers/STM32F7xx_HAL_Driver/Src/stm32f7xx_ll_sdmmc.o
                0x000000000800d364                SDMMC_GetCommandResponse
 .text.SDMMC_GetResponse
                0x000000000800d37e       0x26 ./Drivers/STM32F7xx_HAL_Driver/Src/stm32f7xx_ll_sdmmc.o
                0x000000000800d37e                SDMMC_GetResponse
 .text.SDMMC_ConfigData
                0x000000000800d3a4       0x58 ./Drivers/STM32F7xx_HAL_Driver/Src/stm32f7xx_ll_sdmmc.o
                0x000000000800d3a4                SDMMC_ConfigData
 .text.SDMMC_CmdBlockLength
                0x000000000800d3fc       0x44 ./Drivers/STM32F7xx_HAL_Driver/Src/stm32f7xx_ll_sdmmc.o
                0x000000000800d3fc                SDMMC_CmdBlockLength
 .text.SDMMC_CmdReadSingleBlock
                0x000000000800d440       0x44 ./Drivers/STM32F7xx_HAL_Driver/Src/stm32f7xx_ll_sdmmc.o
                0x000000000800d440                SDMMC_CmdReadSingleBlock
 .text.SDMMC_CmdReadMultiBlock
                0x000000000800d484       0x44 ./Drivers/STM32F7xx_HAL_Driver/Src/stm32f7xx_ll_sdmmc.o
                0x000000000800d484                SDMMC_CmdReadMultiBlock
 .text.SDMMC_CmdWriteSingleBlock
                0x000000000800d4c8       0x44 ./Drivers/STM32F7xx_HAL_Driver/Src/stm32f7xx_ll_sdmmc.o
                0x000000000800d4c8                SDMMC_CmdWriteSingleBlock
 .text.SDMMC_CmdWriteMultiBlock
                0x000000000800d50c       0x44 ./Drivers/STM32F7xx_HAL_Driver/Src/stm32f7xx_ll_sdmmc.o
                0x000000000800d50c                SDMMC_CmdWriteMultiBlock
 .text.SDMMC_CmdStopTransfer
                0x000000000800d550       0x44 ./Drivers/STM32F7xx_HAL_Driver/Src/stm32f7xx_ll_sdmmc.o
                0x000000000800d550                SDMMC_CmdStopTransfer
 .text.SDMMC_CmdSelDesel
                0x000000000800d594       0x46 ./Drivers/STM32F7xx_HAL_Driver/Src/stm32f7xx_ll_sdmmc.o
                0x000000000800d594                SDMMC_CmdSelDesel
 .text.SDMMC_CmdGoIdleState
                0x000000000800d5da       0x3c ./Drivers/STM32F7xx_HAL_Driver/Src/stm32f7xx_ll_sdmmc.o
                0x000000000800d5da                SDMMC_CmdGoIdleState
 .text.SDMMC_CmdOperCond
                0x000000000800d616       0x3e ./Drivers/STM32F7xx_HAL_Driver/Src/stm32f7xx_ll_sdmmc.o
                0x000000000800d616                SDMMC_CmdOperCond
 .text.SDMMC_CmdAppCommand
                0x000000000800d654       0x44 ./Drivers/STM32F7xx_HAL_Driver/Src/stm32f7xx_ll_sdmmc.o
                0x000000000800d654                SDMMC_CmdAppCommand
 .text.SDMMC_CmdAppOperCommand
                0x000000000800d698       0x48 ./Drivers/STM32F7xx_HAL_Driver/Src/stm32f7xx_ll_sdmmc.o
                0x000000000800d698                SDMMC_CmdAppOperCommand
 .text.SDMMC_CmdSendCID
                0x000000000800d6e0       0x3c ./Drivers/STM32F7xx_HAL_Driver/Src/stm32f7xx_ll_sdmmc.o
                0x000000000800d6e0                SDMMC_CmdSendCID
 .text.SDMMC_CmdSendCSD
                0x000000000800d71c       0x3e ./Drivers/STM32F7xx_HAL_Driver/Src/stm32f7xx_ll_sdmmc.o
                0x000000000800d71c                SDMMC_CmdSendCSD
 .text.SDMMC_CmdSetRelAdd
                0x000000000800d75a       0x42 ./Drivers/STM32F7xx_HAL_Driver/Src/stm32f7xx_ll_sdmmc.o
                0x000000000800d75a                SDMMC_CmdSetRelAdd
 .text.SDMMC_CmdSendStatus
                0x000000000800d79c       0x44 ./Drivers/STM32F7xx_HAL_Driver/Src/stm32f7xx_ll_sdmmc.o
                0x000000000800d79c                SDMMC_CmdSendStatus
 .text.SDMMC_GetCmdResp1
                0x000000000800d7e0      0x1dc ./Drivers/STM32F7xx_HAL_Driver/Src/stm32f7xx_ll_sdmmc.o
                0x000000000800d7e0                SDMMC_GetCmdResp1
 .text.SDMMC_GetCmdResp2
                0x000000000800d9bc       0x90 ./Drivers/STM32F7xx_HAL_Driver/Src/stm32f7xx_ll_sdmmc.o
                0x000000000800d9bc                SDMMC_GetCmdResp2
 .text.SDMMC_GetCmdResp3
                0x000000000800da4c       0x7c ./Drivers/STM32F7xx_HAL_Driver/Src/stm32f7xx_ll_sdmmc.o
                0x000000000800da4c                SDMMC_GetCmdResp3
 .text.SDMMC_GetCmdResp6
                0x000000000800dac8       0xec ./Drivers/STM32F7xx_HAL_Driver/Src/stm32f7xx_ll_sdmmc.o
                0x000000000800dac8                SDMMC_GetCmdResp6
 .text.SDMMC_GetCmdResp7
                0x000000000800dbb4       0x9c ./Drivers/STM32F7xx_HAL_Driver/Src/stm32f7xx_ll_sdmmc.o
                0x000000000800dbb4                SDMMC_GetCmdResp7
 .text.SDMMC_GetCmdError
                0x000000000800dc50       0x58 ./Drivers/STM32F7xx_HAL_Driver/Src/stm32f7xx_ll_sdmmc.o
 .text.MX_FATFS_Init
                0x000000000800dca8       0x24 ./FATFS/App/fatfs.o
                0x000000000800dca8                MX_FATFS_Init
 .text.get_fattime
                0x000000000800dccc       0x10 ./FATFS/App/fatfs.o
                0x000000000800dccc                get_fattime
 .text.BSP_SD_Init
                0x000000000800dcdc       0x30 ./FATFS/Target/bsp_driver_sd.o
                0x000000000800dcdc                BSP_SD_Init
 .text.BSP_SD_ReadBlocks_DMA
                0x000000000800dd0c       0x34 ./FATFS/Target/bsp_driver_sd.o
                0x000000000800dd0c                BSP_SD_ReadBlocks_DMA
 .text.BSP_SD_WriteBlocks_DMA
                0x000000000800dd40       0x34 ./FATFS/Target/bsp_driver_sd.o
                0x000000000800dd40                BSP_SD_WriteBlocks_DMA
 .text.BSP_SD_GetCardState
                0x000000000800dd74       0x20 ./FATFS/Target/bsp_driver_sd.o
                0x000000000800dd74                BSP_SD_GetCardState
 .text.BSP_SD_GetCardInfo
                0x000000000800dd94       0x1c ./FATFS/Target/bsp_driver_sd.o
                0x000000000800dd94                BSP_SD_GetCardInfo
 .text.HAL_SD_AbortCallback
                0x000000000800ddb0       0x14 ./FATFS/Target/bsp_driver_sd.o
                0x000000000800ddb0                HAL_SD_AbortCallback
 .text.HAL_SD_TxCpltCallback
                0x000000000800ddc4       0x14 ./FATFS/Target/bsp_driver_sd.o
                0x000000000800ddc4                HAL_SD_TxCpltCallback
 .text.HAL_SD_RxCpltCallback
                0x000000000800ddd8       0x14 ./FATFS/Target/bsp_driver_sd.o
                0x000000000800ddd8                HAL_SD_RxCpltCallback
 .text.BSP_SD_AbortCallback
                0x000000000800ddec        0xe ./FATFS/Target/bsp_driver_sd.o
                0x000000000800ddec                BSP_SD_AbortCallback
 .text.BSP_SD_IsDetected
                0x000000000800ddfa       0x24 ./FATFS/Target/bsp_driver_sd.o
                0x000000000800ddfa                BSP_SD_IsDetected
 *fill*         0x000000000800de1e        0x2 
 .text.BSP_PlatformIsDetected
                0x000000000800de20       0x2c ./FATFS/Target/fatfs_platform.o
                0x000000000800de20                BSP_PlatformIsDetected
 .text.SD_CheckStatusWithTimeout
                0x000000000800de4c       0x3a ./FATFS/Target/sd_diskio.o
 *fill*         0x000000000800de86        0x2 
 .text.SD_CheckStatus
                0x000000000800de88       0x3c ./FATFS/Target/sd_diskio.o
 .text.SD_initialize
                0x000000000800dec4       0x98 ./FATFS/Target/sd_diskio.o
                0x000000000800dec4                SD_initialize
 .text.SD_status
                0x000000000800df5c       0x1c ./FATFS/Target/sd_diskio.o
                0x000000000800df5c                SD_status
 .text.SD_read  0x000000000800df78       0x9c ./FATFS/Target/sd_diskio.o
                0x000000000800df78                SD_read
 .text.SD_write
                0x000000000800e014       0x94 ./FATFS/Target/sd_diskio.o
                0x000000000800e014                SD_write
 .text.SD_ioctl
                0x000000000800e0a8       0xb0 ./FATFS/Target/sd_diskio.o
                0x000000000800e0a8                SD_ioctl
 .text.BSP_SD_WriteCpltCallback
                0x000000000800e158       0x1c ./FATFS/Target/sd_diskio.o
                0x000000000800e158                BSP_SD_WriteCpltCallback
 .text.BSP_SD_ReadCpltCallback
                0x000000000800e174       0x1c ./FATFS/Target/sd_diskio.o
                0x000000000800e174                BSP_SD_ReadCpltCallback
 .text.disk_status
                0x000000000800e190       0x34 ./Middlewares/Third_Party/FatFs/src/diskio.o
                0x000000000800e190                disk_status
 .text.disk_initialize
                0x000000000800e1c4       0x4c ./Middlewares/Third_Party/FatFs/src/diskio.o
                0x000000000800e1c4                disk_initialize
 .text.disk_read
                0x000000000800e210       0x40 ./Middlewares/Third_Party/FatFs/src/diskio.o
                0x000000000800e210                disk_read
 .text.disk_write
                0x000000000800e250       0x40 ./Middlewares/Third_Party/FatFs/src/diskio.o
                0x000000000800e250                disk_write
 .text.disk_ioctl
                0x000000000800e290       0x3c ./Middlewares/Third_Party/FatFs/src/diskio.o
                0x000000000800e290                disk_ioctl
 .text.ld_word  0x000000000800e2cc       0x30 ./Middlewares/Third_Party/FatFs/src/ff.o
 .text.ld_dword
                0x000000000800e2fc       0x46 ./Middlewares/Third_Party/FatFs/src/ff.o
 .text.st_word  0x000000000800e342       0x36 ./Middlewares/Third_Party/FatFs/src/ff.o
 .text.st_dword
                0x000000000800e378       0x58 ./Middlewares/Third_Party/FatFs/src/ff.o
 .text.mem_cpy  0x000000000800e3d0       0x42 ./Middlewares/Third_Party/FatFs/src/ff.o
 .text.mem_set  0x000000000800e412       0x36 ./Middlewares/Third_Party/FatFs/src/ff.o
 .text.mem_cmp  0x000000000800e448       0x4e ./Middlewares/Third_Party/FatFs/src/ff.o
 .text.chk_chr  0x000000000800e496       0x36 ./Middlewares/Third_Party/FatFs/src/ff.o
 .text.lock_fs  0x000000000800e4cc       0x2c ./Middlewares/Third_Party/FatFs/src/ff.o
 .text.unlock_fs
                0x000000000800e4f8       0x36 ./Middlewares/Third_Party/FatFs/src/ff.o
 *fill*         0x000000000800e52e        0x2 
 .text.chk_lock
                0x000000000800e530       0xb8 ./Middlewares/Third_Party/FatFs/src/ff.o
 .text.enq_lock
                0x000000000800e5e8       0x44 ./Middlewares/Third_Party/FatFs/src/ff.o
 .text.inc_lock
                0x000000000800e62c      0x11c ./Middlewares/Third_Party/FatFs/src/ff.o
 .text.dec_lock
                0x000000000800e748       0x78 ./Middlewares/Third_Party/FatFs/src/ff.o
 .text.clear_lock
                0x000000000800e7c0       0x48 ./Middlewares/Third_Party/FatFs/src/ff.o
 .text.sync_window
                0x000000000800e808       0x88 ./Middlewares/Third_Party/FatFs/src/ff.o
 .text.move_window
                0x000000000800e890       0x5a ./Middlewares/Third_Party/FatFs/src/ff.o
 *fill*         0x000000000800e8ea        0x2 
 .text.sync_fs  0x000000000800e8ec       0xdc ./Middlewares/Third_Party/FatFs/src/ff.o
 .text.clust2sect
                0x000000000800e9c8       0x3e ./Middlewares/Third_Party/FatFs/src/ff.o
 .text.get_fat  0x000000000800ea06      0x150 ./Middlewares/Third_Party/FatFs/src/ff.o
 .text.put_fat  0x000000000800eb56      0x1d8 ./Middlewares/Third_Party/FatFs/src/ff.o
 .text.remove_chain
                0x000000000800ed2e       0xca ./Middlewares/Third_Party/FatFs/src/ff.o
 .text.create_chain
                0x000000000800edf8      0x130 ./Middlewares/Third_Party/FatFs/src/ff.o
 .text.clmt_clust
                0x000000000800ef28       0x68 ./Middlewares/Third_Party/FatFs/src/ff.o
 .text.dir_sdi  0x000000000800ef90       0xf6 ./Middlewares/Third_Party/FatFs/src/ff.o
 .text.dir_next
                0x000000000800f086      0x18a ./Middlewares/Third_Party/FatFs/src/ff.o
 .text.dir_alloc
                0x000000000800f210       0x8e ./Middlewares/Third_Party/FatFs/src/ff.o
 .text.ld_clust
                0x000000000800f29e       0x3e ./Middlewares/Third_Party/FatFs/src/ff.o
 .text.st_clust
                0x000000000800f2dc       0x40 ./Middlewares/Third_Party/FatFs/src/ff.o
 .text.dir_find
                0x000000000800f31c       0xaa ./Middlewares/Third_Party/FatFs/src/ff.o
 .text.dir_register
                0x000000000800f3c6       0x64 ./Middlewares/Third_Party/FatFs/src/ff.o
 *fill*         0x000000000800f42a        0x2 
 .text.create_name
                0x000000000800f42c      0x128 ./Middlewares/Third_Party/FatFs/src/ff.o
 .text.follow_path
                0x000000000800f554       0xe2 ./Middlewares/Third_Party/FatFs/src/ff.o
 .text.get_ldnumber
                0x000000000800f636       0x88 ./Middlewares/Third_Party/FatFs/src/ff.o
 *fill*         0x000000000800f6be        0x2 
 .text.check_fs
                0x000000000800f6c0       0xac ./Middlewares/Third_Party/FatFs/src/ff.o
 .text.find_volume
                0x000000000800f76c      0x4a8 ./Middlewares/Third_Party/FatFs/src/ff.o
 .text.validate
                0x000000000800fc14       0x8e ./Middlewares/Third_Party/FatFs/src/ff.o
 *fill*         0x000000000800fca2        0x2 
 .text.f_mount  0x000000000800fca4       0xc8 ./Middlewares/Third_Party/FatFs/src/ff.o
                0x000000000800fca4                f_mount
 .text.f_open   0x000000000800fd6c      0x38a ./Middlewares/Third_Party/FatFs/src/ff.o
                0x000000000800fd6c                f_open
 .text.f_read   0x00000000080100f6      0x2dc ./Middlewares/Third_Party/FatFs/src/ff.o
                0x00000000080100f6                f_read
 .text.f_sync   0x00000000080103d2      0x112 ./Middlewares/Third_Party/FatFs/src/ff.o
                0x00000000080103d2                f_sync
 .text.f_close  0x00000000080104e4       0x5e ./Middlewares/Third_Party/FatFs/src/ff.o
                0x00000000080104e4                f_close
 .text.f_lseek  0x0000000008010542      0x4a6 ./Middlewares/Third_Party/FatFs/src/ff.o
                0x0000000008010542                f_lseek
 .text.FATFS_LinkDriverEx
                0x00000000080109e8       0x98 ./Middlewares/Third_Party/FatFs/src/ff_gen_drv.o
                0x00000000080109e8                FATFS_LinkDriverEx
 .text.FATFS_LinkDriver
                0x0000000008010a80       0x1e ./Middlewares/Third_Party/FatFs/src/ff_gen_drv.o
                0x0000000008010a80                FATFS_LinkDriver
 .text.ff_cre_syncobj
                0x0000000008010a9e       0x40 ./Middlewares/Third_Party/FatFs/src/option/syscall.o
                0x0000000008010a9e                ff_cre_syncobj
 .text.ff_del_syncobj
                0x0000000008010ade       0x18 ./Middlewares/Third_Party/FatFs/src/option/syscall.o
                0x0000000008010ade                ff_del_syncobj
 .text.ff_req_grant
                0x0000000008010af6       0x2a ./Middlewares/Third_Party/FatFs/src/option/syscall.o
                0x0000000008010af6                ff_req_grant
 .text.ff_rel_grant
                0x0000000008010b20       0x16 ./Middlewares/Third_Party/FatFs/src/option/syscall.o
                0x0000000008010b20                ff_rel_grant
 .text.makeFreeRtosPriority
                0x0000000008010b36       0x30 ./Middlewares/Third_Party/FreeRTOS/Source/CMSIS_RTOS/cmsis_os.o
 .text.inHandlerMode
                0x0000000008010b66       0x24 ./Middlewares/Third_Party/FreeRTOS/Source/CMSIS_RTOS/cmsis_os.o
 .text.osKernelStart
                0x0000000008010b8a        0xe ./Middlewares/Third_Party/FreeRTOS/Source/CMSIS_RTOS/cmsis_os.o
                0x0000000008010b8a                osKernelStart
 .text.osKernelRunning
                0x0000000008010b98       0x18 ./Middlewares/Third_Party/FreeRTOS/Source/CMSIS_RTOS/cmsis_os.o
                0x0000000008010b98                osKernelRunning
 .text.osKernelSysTick
                0x0000000008010bb0       0x20 ./Middlewares/Third_Party/FreeRTOS/Source/CMSIS_RTOS/cmsis_os.o
                0x0000000008010bb0                osKernelSysTick
 .text.osThreadCreate
                0x0000000008010bd0       0x98 ./Middlewares/Third_Party/FreeRTOS/Source/CMSIS_RTOS/cmsis_os.o
                0x0000000008010bd0                osThreadCreate
 .text.osDelay  0x0000000008010c68       0x28 ./Middlewares/Third_Party/FreeRTOS/Source/CMSIS_RTOS/cmsis_os.o
                0x0000000008010c68                osDelay
 .text.osSemaphoreCreate
                0x0000000008010c90       0x64 ./Middlewares/Third_Party/FreeRTOS/Source/CMSIS_RTOS/cmsis_os.o
                0x0000000008010c90                osSemaphoreCreate
 .text.osSemaphoreWait
                0x0000000008010cf4       0x9c ./Middlewares/Third_Party/FreeRTOS/Source/CMSIS_RTOS/cmsis_os.o
                0x0000000008010cf4                osSemaphoreWait
 .text.osSemaphoreRelease
                0x0000000008010d90       0x6c ./Middlewares/Third_Party/FreeRTOS/Source/CMSIS_RTOS/cmsis_os.o
                0x0000000008010d90                osSemaphoreRelease
 .text.osSemaphoreDelete
                0x0000000008010dfc       0x26 ./Middlewares/Third_Party/FreeRTOS/Source/CMSIS_RTOS/cmsis_os.o
                0x0000000008010dfc                osSemaphoreDelete
 .text.osMessageCreate
                0x0000000008010e22       0x50 ./Middlewares/Third_Party/FreeRTOS/Source/CMSIS_RTOS/cmsis_os.o
                0x0000000008010e22                osMessageCreate
 *fill*         0x0000000008010e72        0x2 
 .text.osMessagePut
                0x0000000008010e74       0x80 ./Middlewares/Third_Party/FreeRTOS/Source/CMSIS_RTOS/cmsis_os.o
                0x0000000008010e74                osMessagePut
 .text.osMessageGet
                0x0000000008010ef4       0xe8 ./Middlewares/Third_Party/FreeRTOS/Source/CMSIS_RTOS/cmsis_os.o
                0x0000000008010ef4                osMessageGet
 .text.vListInitialise
                0x0000000008010fdc       0x40 ./Middlewares/Third_Party/FreeRTOS/Source/list.o
                0x0000000008010fdc                vListInitialise
 .text.vListInitialiseItem
                0x000000000801101c       0x1a ./Middlewares/Third_Party/FreeRTOS/Source/list.o
                0x000000000801101c                vListInitialiseItem
 .text.vListInsertEnd
                0x0000000008011036       0x48 ./Middlewares/Third_Party/FreeRTOS/Source/list.o
                0x0000000008011036                vListInsertEnd
 .text.vListInsert
                0x000000000801107e       0x72 ./Middlewares/Third_Party/FreeRTOS/Source/list.o
                0x000000000801107e                vListInsert
 .text.uxListRemove
                0x00000000080110f0       0x54 ./Middlewares/Third_Party/FreeRTOS/Source/list.o
                0x00000000080110f0                uxListRemove
 .text.xQueueGenericReset
                0x0000000008011144       0xd4 ./Middlewares/Third_Party/FreeRTOS/Source/queue.o
                0x0000000008011144                xQueueGenericReset
 .text.xQueueGenericCreateStatic
                0x0000000008011218      0x104 ./Middlewares/Third_Party/FreeRTOS/Source/queue.o
                0x0000000008011218                xQueueGenericCreateStatic
 .text.xQueueGenericCreate
                0x000000000801131c       0x84 ./Middlewares/Third_Party/FreeRTOS/Source/queue.o
                0x000000000801131c                xQueueGenericCreate
 .text.prvInitialiseNewQueue
                0x00000000080113a0       0x3e ./Middlewares/Third_Party/FreeRTOS/Source/queue.o
 *fill*         0x00000000080113de        0x2 
 .text.xQueueGenericSend
                0x00000000080113e0      0x20c ./Middlewares/Third_Party/FreeRTOS/Source/queue.o
                0x00000000080113e0                xQueueGenericSend
 .text.xQueueGenericSendFromISR
                0x00000000080115ec      0x140 ./Middlewares/Third_Party/FreeRTOS/Source/queue.o
                0x00000000080115ec                xQueueGenericSendFromISR
 .text.xQueueGiveFromISR
                0x000000000801172c      0x12a ./Middlewares/Third_Party/FreeRTOS/Source/queue.o
                0x000000000801172c                xQueueGiveFromISR
 *fill*         0x0000000008011856        0x2 
 .text.xQueueReceive
                0x0000000008011858      0x1cc ./Middlewares/Third_Party/FreeRTOS/Source/queue.o
                0x0000000008011858                xQueueReceive
 .text.xQueueSemaphoreTake
                0x0000000008011a24      0x228 ./Middlewares/Third_Party/FreeRTOS/Source/queue.o
                0x0000000008011a24                xQueueSemaphoreTake
 .text.xQueueReceiveFromISR
                0x0000000008011c4c      0x10c ./Middlewares/Third_Party/FreeRTOS/Source/queue.o
                0x0000000008011c4c                xQueueReceiveFromISR
 .text.vQueueDelete
                0x0000000008011d58       0x4a ./Middlewares/Third_Party/FreeRTOS/Source/queue.o
                0x0000000008011d58                vQueueDelete
 .text.prvGetDisinheritPriorityAfterTimeout
                0x0000000008011da2       0x30 ./Middlewares/Third_Party/FreeRTOS/Source/queue.o
 .text.prvCopyDataToQueue
                0x0000000008011dd2       0xd4 ./Middlewares/Third_Party/FreeRTOS/Source/queue.o
 .text.prvCopyDataFromQueue
                0x0000000008011ea6       0x4c ./Middlewares/Third_Party/FreeRTOS/Source/queue.o
 .text.prvUnlockQueue
                0x0000000008011ef2       0xa4 ./Middlewares/Third_Party/FreeRTOS/Source/queue.o
 .text.prvIsQueueEmpty
                0x0000000008011f96       0x2c ./Middlewares/Third_Party/FreeRTOS/Source/queue.o
 .text.prvIsQueueFull
                0x0000000008011fc2       0x30 ./Middlewares/Third_Party/FreeRTOS/Source/queue.o
 *fill*         0x0000000008011ff2        0x2 
 .text.vQueueUnregisterQueue
                0x0000000008011ff4       0x54 ./Middlewares/Third_Party/FreeRTOS/Source/queue.o
                0x0000000008011ff4                vQueueUnregisterQueue
 .text.xTaskCreateStatic
                0x0000000008012048       0xc6 ./Middlewares/Third_Party/FreeRTOS/Source/tasks.o
                0x0000000008012048                xTaskCreateStatic
 .text.xTaskCreate
                0x000000000801210e       0x8a ./Middlewares/Third_Party/FreeRTOS/Source/tasks.o
                0x000000000801210e                xTaskCreate
 .text.prvInitialiseNewTask
                0x0000000008012198      0x122 ./Middlewares/Third_Party/FreeRTOS/Source/tasks.o
 *fill*         0x00000000080122ba        0x2 
 .text.prvAddNewTaskToReadyList
                0x00000000080122bc       0xd4 ./Middlewares/Third_Party/FreeRTOS/Source/tasks.o
 .text.vTaskDelete
                0x0000000008012390      0x124 ./Middlewares/Third_Party/FreeRTOS/Source/tasks.o
                0x0000000008012390                vTaskDelete
 .text.vTaskDelay
                0x00000000080124b4       0x6c ./Middlewares/Third_Party/FreeRTOS/Source/tasks.o
                0x00000000080124b4                vTaskDelay
 .text.vTaskStartScheduler
                0x0000000008012520       0xc8 ./Middlewares/Third_Party/FreeRTOS/Source/tasks.o
                0x0000000008012520                vTaskStartScheduler
 .text.vTaskSuspendAll
                0x00000000080125e8       0x1c ./Middlewares/Third_Party/FreeRTOS/Source/tasks.o
                0x00000000080125e8                vTaskSuspendAll
 .text.xTaskResumeAll
                0x0000000008012604      0x13c ./Middlewares/Third_Party/FreeRTOS/Source/tasks.o
                0x0000000008012604                xTaskResumeAll
 .text.xTaskGetTickCount
                0x0000000008012740       0x20 ./Middlewares/Third_Party/FreeRTOS/Source/tasks.o
                0x0000000008012740                xTaskGetTickCount
 .text.xTaskGetTickCountFromISR
                0x0000000008012760       0x24 ./Middlewares/Third_Party/FreeRTOS/Source/tasks.o
                0x0000000008012760                xTaskGetTickCountFromISR
 .text.xTaskIncrementTick
                0x0000000008012784      0x174 ./Middlewares/Third_Party/FreeRTOS/Source/tasks.o
                0x0000000008012784                xTaskIncrementTick
 .text.vTaskSwitchContext
                0x00000000080128f8      0x104 ./Middlewares/Third_Party/FreeRTOS/Source/tasks.o
                0x00000000080128f8                vTaskSwitchContext
 .text.vTaskPlaceOnEventList
                0x00000000080129fc       0x4c ./Middlewares/Third_Party/FreeRTOS/Source/tasks.o
                0x00000000080129fc                vTaskPlaceOnEventList
 .text.xTaskRemoveFromEventList
                0x0000000008012a48       0xc8 ./Middlewares/Third_Party/FreeRTOS/Source/tasks.o
                0x0000000008012a48                xTaskRemoveFromEventList
 .text.vTaskInternalSetTimeOutState
                0x0000000008012b10       0x2c ./Middlewares/Third_Party/FreeRTOS/Source/tasks.o
                0x0000000008012b10                vTaskInternalSetTimeOutState
 .text.xTaskCheckForTimeOut
                0x0000000008012b3c       0xcc ./Middlewares/Third_Party/FreeRTOS/Source/tasks.o
                0x0000000008012b3c                xTaskCheckForTimeOut
 .text.vTaskMissedYield
                0x0000000008012c08       0x18 ./Middlewares/Third_Party/FreeRTOS/Source/tasks.o
                0x0000000008012c08                vTaskMissedYield
 .text.prvIdleTask
                0x0000000008012c20       0x34 ./Middlewares/Third_Party/FreeRTOS/Source/tasks.o
 .text.prvInitialiseTaskLists
                0x0000000008012c54       0x80 ./Middlewares/Third_Party/FreeRTOS/Source/tasks.o
 .text.prvCheckTasksWaitingTermination
                0x0000000008012cd4       0x5c ./Middlewares/Third_Party/FreeRTOS/Source/tasks.o
 .text.prvDeleteTCB
                0x0000000008012d30       0x62 ./Middlewares/Third_Party/FreeRTOS/Source/tasks.o
 *fill*         0x0000000008012d92        0x2 
 .text.prvResetNextTaskUnblockTime
                0x0000000008012d94       0x40 ./Middlewares/Third_Party/FreeRTOS/Source/tasks.o
 .text.xTaskGetSchedulerState
                0x0000000008012dd4       0x3c ./Middlewares/Third_Party/FreeRTOS/Source/tasks.o
                0x0000000008012dd4                xTaskGetSchedulerState
 .text.xTaskPriorityInherit
                0x0000000008012e10      0x100 ./Middlewares/Third_Party/FreeRTOS/Source/tasks.o
                0x0000000008012e10                xTaskPriorityInherit
 .text.xTaskPriorityDisinherit
                0x0000000008012f10      0x114 ./Middlewares/Third_Party/FreeRTOS/Source/tasks.o
                0x0000000008012f10                xTaskPriorityDisinherit
 .text.vTaskPriorityDisinheritAfterTimeout
                0x0000000008013024      0x13c ./Middlewares/Third_Party/FreeRTOS/Source/tasks.o
                0x0000000008013024                vTaskPriorityDisinheritAfterTimeout
 .text.pvTaskIncrementMutexHeldCount
                0x0000000008013160       0x28 ./Middlewares/Third_Party/FreeRTOS/Source/tasks.o
                0x0000000008013160                pvTaskIncrementMutexHeldCount
 .text.prvAddCurrentTaskToDelayedList
                0x0000000008013188       0xcc ./Middlewares/Third_Party/FreeRTOS/Source/tasks.o
 .text.pxPortInitialiseStack
                0x0000000008013254       0x68 ./Middlewares/Third_Party/FreeRTOS/Source/portable/GCC/ARM_CM7/r0p1/port.o
                0x0000000008013254                pxPortInitialiseStack
 .text.prvTaskExitError
                0x00000000080132bc       0x60 ./Middlewares/Third_Party/FreeRTOS/Source/portable/GCC/ARM_CM7/r0p1/port.o
 *fill*         0x000000000801331c        0x4 
 .text.SVC_Handler
                0x0000000008013320       0x28 ./Middlewares/Third_Party/FreeRTOS/Source/portable/GCC/ARM_CM7/r0p1/port.o
                0x0000000008013320                SVC_Handler
 .text.prvPortStartFirstTask
                0x0000000008013348       0x28 ./Middlewares/Third_Party/FreeRTOS/Source/portable/GCC/ARM_CM7/r0p1/port.o
 .text.xPortStartScheduler
                0x0000000008013370       0xfc ./Middlewares/Third_Party/FreeRTOS/Source/portable/GCC/ARM_CM7/r0p1/port.o
                0x0000000008013370                xPortStartScheduler
 .text.vPortEnterCritical
                0x000000000801346c       0x68 ./Middlewares/Third_Party/FreeRTOS/Source/portable/GCC/ARM_CM7/r0p1/port.o
                0x000000000801346c                vPortEnterCritical
 .text.vPortExitCritical
                0x00000000080134d4       0x58 ./Middlewares/Third_Party/FreeRTOS/Source/portable/GCC/ARM_CM7/r0p1/port.o
                0x00000000080134d4                vPortExitCritical
 *fill*         0x000000000801352c        0x4 
 .text.PendSV_Handler
                0x0000000008013530       0x68 ./Middlewares/Third_Party/FreeRTOS/Source/portable/GCC/ARM_CM7/r0p1/port.o
                0x0000000008013530                PendSV_Handler
 .text.SysTick_Handler
                0x0000000008013598       0x48 ./Middlewares/Third_Party/FreeRTOS/Source/portable/GCC/ARM_CM7/r0p1/port.o
                0x0000000008013598                SysTick_Handler
 .text.vPortSetupTimerInterrupt
                0x00000000080135e0       0x48 ./Middlewares/Third_Party/FreeRTOS/Source/portable/GCC/ARM_CM7/r0p1/port.o
                0x00000000080135e0                vPortSetupTimerInterrupt
 .text.vPortEnableVFP
                0x0000000008013628       0x14 ./Middlewares/Third_Party/FreeRTOS/Source/portable/GCC/ARM_CM7/r0p1/port.o
 .text.vPortValidateInterruptPriority
                0x000000000801363c       0x88 ./Middlewares/Third_Party/FreeRTOS/Source/portable/GCC/ARM_CM7/r0p1/port.o
                0x000000000801363c                vPortValidateInterruptPriority
 .text.pvPortMalloc
                0x00000000080136c4      0x1a0 ./Middlewares/Third_Party/FreeRTOS/Source/portable/MemMang/heap_4.o
                0x00000000080136c4                pvPortMalloc
 .text.vPortFree
                0x0000000008013864       0xbc ./Middlewares/Third_Party/FreeRTOS/Source/portable/MemMang/heap_4.o
                0x0000000008013864                vPortFree
 .text.prvHeapInit
                0x0000000008013920       0xc4 ./Middlewares/Third_Party/FreeRTOS/Source/portable/MemMang/heap_4.o
 .text.prvInsertBlockIntoFreeList
                0x00000000080139e4       0xb4 ./Middlewares/Third_Party/FreeRTOS/Source/portable/MemMang/heap_4.o
 .text.__libc_init_array
                0x0000000008013a98       0x48 c:/st/stm32cubeide_1.11.2/stm32cubeide/plugins/com.st.stm32cube.ide.mcu.externaltools.gnu-tools-for-stm32.10.3-2021.10.win32_1.0.200.202301161003/tools/bin/../lib/gcc/arm-none-eabi/10.3.1/../../../../arm-none-eabi/lib/thumb/v7e-m+fp/hard\libc_nano.a(lib_a-init.o)
                0x0000000008013a98                __libc_init_array
 .text.memcpy   0x0000000008013ae0       0x1c c:/st/stm32cubeide_1.11.2/stm32cubeide/plugins/com.st.stm32cube.ide.mcu.externaltools.gnu-tools-for-stm32.10.3-2021.10.win32_1.0.200.202301161003/tools/bin/../lib/gcc/arm-none-eabi/10.3.1/../../../../arm-none-eabi/lib/thumb/v7e-m+fp/hard\libc_nano.a(lib_a-memcpy-stub.o)
                0x0000000008013ae0                memcpy
 .text.memset   0x0000000008013afc       0x10 c:/st/stm32cubeide_1.11.2/stm32cubeide/plugins/com.st.stm32cube.ide.mcu.externaltools.gnu-tools-for-stm32.10.3-2021.10.win32_1.0.200.202301161003/tools/bin/../lib/gcc/arm-none-eabi/10.3.1/../../../../arm-none-eabi/lib/thumb/v7e-m+fp/hard\libc_nano.a(lib_a-memset.o)
                0x0000000008013afc                memset
 *(.glue_7)
 .glue_7        0x0000000008013b0c        0x0 linker stubs
 *(.glue_7t)
 .glue_7t       0x0000000008013b0c        0x0 linker stubs
 *(.eh_frame)
 .eh_frame      0x0000000008013b0c        0x0 c:/st/stm32cubeide_1.11.2/stm32cubeide/plugins/com.st.stm32cube.ide.mcu.externaltools.gnu-tools-for-stm32.10.3-2021.10.win32_1.0.200.202301161003/tools/bin/../lib/gcc/arm-none-eabi/10.3.1/thumb/v7e-m+fp/hard/crtbegin.o
 *(.init)
 .init          0x0000000008013b0c        0x4 c:/st/stm32cubeide_1.11.2/stm32cubeide/plugins/com.st.stm32cube.ide.mcu.externaltools.gnu-tools-for-stm32.10.3-2021.10.win32_1.0.200.202301161003/tools/bin/../lib/gcc/arm-none-eabi/10.3.1/thumb/v7e-m+fp/hard/crti.o
                0x0000000008013b0c                _init
 .init          0x0000000008013b10        0x8 c:/st/stm32cubeide_1.11.2/stm32cubeide/plugins/com.st.stm32cube.ide.mcu.externaltools.gnu-tools-for-stm32.10.3-2021.10.win32_1.0.200.202301161003/tools/bin/../lib/gcc/arm-none-eabi/10.3.1/thumb/v7e-m+fp/hard/crtn.o
 *(.fini)
 .fini          0x0000000008013b18        0x4 c:/st/stm32cubeide_1.11.2/stm32cubeide/plugins/com.st.stm32cube.ide.mcu.externaltools.gnu-tools-for-stm32.10.3-2021.10.win32_1.0.200.202301161003/tools/bin/../lib/gcc/arm-none-eabi/10.3.1/thumb/v7e-m+fp/hard/crti.o
                0x0000000008013b18                _fini
 .fini          0x0000000008013b1c        0x8 c:/st/stm32cubeide_1.11.2/stm32cubeide/plugins/com.st.stm32cube.ide.mcu.externaltools.gnu-tools-for-stm32.10.3-2021.10.win32_1.0.200.202301161003/tools/bin/../lib/gcc/arm-none-eabi/10.3.1/thumb/v7e-m+fp/hard/crtn.o
                0x0000000008013b24                . = ALIGN (0x4)
                0x0000000008013b24                _etext = .

.vfp11_veneer   0x0000000008013b24        0x0
 .vfp11_veneer  0x0000000008013b24        0x0 linker stubs

.v4_bx          0x0000000008013b24        0x0
 .v4_bx         0x0000000008013b24        0x0 linker stubs

.iplt           0x0000000008013b24        0x0
 .iplt          0x0000000008013b24        0x0 c:/st/stm32cubeide_1.11.2/stm32cubeide/plugins/com.st.stm32cube.ide.mcu.externaltools.gnu-tools-for-stm32.10.3-2021.10.win32_1.0.200.202301161003/tools/bin/../lib/gcc/arm-none-eabi/10.3.1/thumb/v7e-m+fp/hard/crtbegin.o

.rodata         0x0000000008013b24     0x2d10
                0x0000000008013b24                . = ALIGN (0x4)
 *(.rodata)
 .rodata        0x0000000008013b24       0xf3 ./Core/Src/main.o
 *fill*         0x0000000008013c17        0x1 
 .rodata        0x0000000008013c18       0x10 ./FATFS/Target/sd_diskio.o
 .rodata        0x0000000008013c28       0x44 ./Middlewares/Third_Party/FatFs/src/ff.o
 .rodata        0x0000000008013c6c        0x5 ./Middlewares/Third_Party/FreeRTOS/Source/tasks.o
 *(.rodata*)
 *fill*         0x0000000008013c71        0x3 
 .rodata.Font24_Table
                0x0000000008013c74     0x1ab8 ./Core/Src/stm32746g_discovery_lcd.o
                0x0000000008013c74                Font24_Table
 .rodata.Font16_Table
                0x000000000801572c      0xbe0 ./Core/Src/stm32746g_discovery_lcd.o
                0x000000000801572c                Font16_Table
 .rodata.Font12_Table
                0x000000000801630c      0x474 ./Core/Src/stm32746g_discovery_lcd.o
                0x000000000801630c                Font12_Table